Jun 16 23:38:47 asdf-virtual-machine kernel: [    0.000000] Linux version 5.15.0-39-generic (buildd@lcy02-amd64-069) (gcc (Ubuntu 11.2.0-19ubuntu1) 11.2.0, GNU ld (GNU Binutils for Ubuntu) 2.38) #42-Ubuntu SMP Thu Jun 9 23:42:32 UTC 2022 (Ubuntu 5.15.0-39.42-generic 5.15.35)
Jun 16 23:38:47 asdf-virtual-machine kernel: [    0.000000] Command line: BOOT_IMAGE=/boot/vmlinuz-5.15.0-39-generic root=UUID=e248e604-1878-4260-9e81-b8b4590bb413 ro find_preseed=/preseed.cfg auto noprompt priority=critical locale=en_US quiet splash
Jun 16 23:38:47 asdf-virtual-machine kernel: [    0.000000] KERNEL supported cpus:
Jun 16 23:38:47 asdf-virtual-machine kernel: [    0.000000]   Intel GenuineIntel
Jun 16 23:38:47 asdf-virtual-machine kernel: [    0.000000]   AMD AuthenticAMD
Jun 16 23:38:47 asdf-virtual-machine kernel: [    0.000000]   Hygon HygonGenuine
Jun 16 23:38:47 asdf-virtual-machine kernel: [    0.000000]   Centaur CentaurHauls
Jun 16 23:38:47 asdf-virtual-machine kernel: [    0.000000]   zhaoxin   Shanghai  
Jun 16 23:38:47 asdf-virtual-machine kernel: [    0.000000] x86/fpu: Supporting XSAVE feature 0x001: 'x87 floating point registers'
Jun 16 23:38:47 asdf-virtual-machine kernel: [    0.000000] x86/fpu: Supporting XSAVE feature 0x002: 'SSE registers'
Jun 16 23:38:47 asdf-virtual-machine kernel: [    0.000000] x86/fpu: Supporting XSAVE feature 0x004: 'AVX registers'
Jun 16 23:38:47 asdf-virtual-machine kernel: [    0.000000] x86/fpu: Supporting XSAVE feature 0x020: 'AVX-512 opmask'
Jun 16 23:38:47 asdf-virtual-machine kernel: [    0.000000] x86/fpu: Supporting XSAVE feature 0x040: 'AVX-512 Hi256'
Jun 16 23:38:47 asdf-virtual-machine kernel: [    0.000000] x86/fpu: Supporting XSAVE feature 0x080: 'AVX-512 ZMM_Hi256'
Jun 16 23:38:47 asdf-virtual-machine kernel: [    0.000000] x86/fpu: xstate_offset[2]:  576, xstate_sizes[2]:  256
Jun 16 23:38:47 asdf-virtual-machine kernel: [    0.000000] x86/fpu: xstate_offset[5]:  832, xstate_sizes[5]:   64
Jun 16 23:38:47 asdf-virtual-machine kernel: [    0.000000] x86/fpu: xstate_offset[6]:  896, xstate_sizes[6]:  512
Jun 16 23:38:47 asdf-virtual-machine kernel: [    0.000000] x86/fpu: xstate_offset[7]: 1408, xstate_sizes[7]: 1024
Jun 16 23:38:47 asdf-virtual-machine kernel: [    0.000000] x86/fpu: Enabled xstate features 0xe7, context size is 2432 bytes, using 'compacted' format.
Jun 16 23:38:47 asdf-virtual-machine kernel: [    0.000000] signal: max sigframe size: 3632
Jun 16 23:38:47 asdf-virtual-machine kernel: [    0.000000] BIOS-provided physical RAM map:
Jun 16 23:38:47 asdf-virtual-machine kernel: [    0.000000] BIOS-e820: [mem 0x0000000000000000-0x000000000009e7ff] usable
Jun 16 23:38:47 asdf-virtual-machine kernel: [    0.000000] BIOS-e820: [mem 0x000000000009e800-0x000000000009ffff] reserved
Jun 16 23:38:47 asdf-virtual-machine kernel: [    0.000000] BIOS-e820: [mem 0x00000000000dc000-0x00000000000fffff] reserved
Jun 16 23:38:47 asdf-virtual-machine kernel: [    0.000000] BIOS-e820: [mem 0x0000000000100000-0x00000000bfecffff] usable
Jun 16 23:38:47 asdf-virtual-machine kernel: [    0.000000] BIOS-e820: [mem 0x00000000bfed0000-0x00000000bfefefff] ACPI data
Jun 16 23:38:47 asdf-virtual-machine kernel: [    0.000000] BIOS-e820: [mem 0x00000000bfeff000-0x00000000bfefffff] ACPI NVS
Jun 16 23:38:47 asdf-virtual-machine kernel: [    0.000000] BIOS-e820: [mem 0x00000000bff00000-0x00000000bfffffff] usable
Jun 16 23:38:47 asdf-virtual-machine kernel: [    0.000000] BIOS-e820: [mem 0x00000000f0000000-0x00000000f7ffffff] reserved
Jun 16 23:38:47 asdf-virtual-machine kernel: [    0.000000] BIOS-e820: [mem 0x00000000fec00000-0x00000000fec0ffff] reserved
Jun 16 23:38:47 asdf-virtual-machine kernel: [    0.000000] BIOS-e820: [mem 0x00000000fee00000-0x00000000fee00fff] reserved
Jun 16 23:38:47 asdf-virtual-machine kernel: [    0.000000] BIOS-e820: [mem 0x00000000fffe0000-0x00000000ffffffff] reserved
Jun 16 23:38:47 asdf-virtual-machine kernel: [    0.000000] BIOS-e820: [mem 0x0000000100000000-0x000000013fffffff] usable
Jun 16 23:38:47 asdf-virtual-machine kernel: [    0.000000] NX (Execute Disable) protection: active
Jun 16 23:38:47 asdf-virtual-machine kernel: [    0.000000] SMBIOS 2.7 present.
Jun 16 23:38:47 asdf-virtual-machine kernel: [    0.000000] DMI: VMware, Inc. VMware Virtual Platform/440BX Desktop Reference Platform, BIOS 6.00 11/12/2020
Jun 16 23:38:47 asdf-virtual-machine kernel: [    0.000000] vmware: hypercall mode: 0x02
Jun 16 23:38:47 asdf-virtual-machine kernel: [    0.000000] Hypervisor detected: VMware
Jun 16 23:38:47 asdf-virtual-machine kernel: [    0.000000] vmware: TSC freq read from hypervisor : 2495.998 MHz
Jun 16 23:38:47 asdf-virtual-machine kernel: [    0.000000] vmware: Host bus clock speed read from hypervisor : 66000000 Hz
Jun 16 23:38:47 asdf-virtual-machine kernel: [    0.000000] vmware: using clock offset of 5159263288 ns
Jun 16 23:38:47 asdf-virtual-machine kernel: [    0.000022] tsc: Detected 2495.998 MHz processor
Jun 16 23:38:47 asdf-virtual-machine kernel: [    0.001134] e820: update [mem 0x00000000-0x00000fff] usable ==> reserved
Jun 16 23:38:47 asdf-virtual-machine kernel: [    0.001137] e820: remove [mem 0x000a0000-0x000fffff] usable
Jun 16 23:38:47 asdf-virtual-machine kernel: [    0.001140] last_pfn = 0x140000 max_arch_pfn = 0x400000000
Jun 16 23:38:47 asdf-virtual-machine kernel: [    0.001169] x86/PAT: Configuration [0-7]: WB  WC  UC- UC  WB  WP  UC- WT  
Jun 16 23:38:47 asdf-virtual-machine kernel: [    0.001177] total RAM covered: 130048M
Jun 16 23:38:47 asdf-virtual-machine kernel: [    0.001245] Found optimal setting for mtrr clean up
Jun 16 23:38:47 asdf-virtual-machine kernel: [    0.001246]  gran_size: 64K 	chunk_size: 64K 	num_reg: 7  	lose cover RAM: 0G
Jun 16 23:38:47 asdf-virtual-machine kernel: [    0.001269] e820: update [mem 0xc0000000-0xffffffff] usable ==> reserved
Jun 16 23:38:47 asdf-virtual-machine kernel: [    0.001272] last_pfn = 0xc0000 max_arch_pfn = 0x400000000
Jun 16 23:38:47 asdf-virtual-machine kernel: [    0.007815] found SMP MP-table at [mem 0x000f6a70-0x000f6a7f]
Jun 16 23:38:47 asdf-virtual-machine kernel: [    0.007828] Using GB pages for direct mapping
Jun 16 23:38:47 asdf-virtual-machine kernel: [    0.007969] RAMDISK: [mem 0x309af000-0x344cefff]
Jun 16 23:38:47 asdf-virtual-machine kernel: [    0.007973] ACPI: Early table checksum verification disabled
Jun 16 23:38:47 asdf-virtual-machine kernel: [    0.007977] ACPI: RSDP 0x00000000000F6A00 000024 (v02 PTLTD )
Jun 16 23:38:47 asdf-virtual-machine kernel: [    0.007980] ACPI: XSDT 0x00000000BFEDC633 00005C (v01 INTEL  440BX    06040000 VMW  01324272)
Jun 16 23:38:47 asdf-virtual-machine kernel: [    0.007984] ACPI: FACP 0x00000000BFEFEE73 0000F4 (v04 INTEL  440BX    06040000 PTL  000F4240)
Jun 16 23:38:47 asdf-virtual-machine kernel: [    0.007988] ACPI: DSDT 0x00000000BFEDD9E8 02148B (v01 PTLTD  Custom   06040000 MSFT 03000001)
Jun 16 23:38:47 asdf-virtual-machine kernel: [    0.008000] ACPI: FACS 0x00000000BFEFFFC0 000040
Jun 16 23:38:47 asdf-virtual-machine kernel: [    0.008003] ACPI: FACS 0x00000000BFEFFFC0 000040
Jun 16 23:38:47 asdf-virtual-machine kernel: [    0.008005] ACPI: BOOT 0x00000000BFEDD9C0 000028 (v01 PTLTD  $SBFTBL$ 06040000  LTP 00000001)
Jun 16 23:38:47 asdf-virtual-machine kernel: [    0.008008] ACPI: APIC 0x00000000BFEDD27E 000742 (v01 PTLTD  ? APIC   06040000  LTP 00000000)
Jun 16 23:38:47 asdf-virtual-machine kernel: [    0.008010] ACPI: MCFG 0x00000000BFEDD242 00003C (v01 PTLTD  $PCITBL$ 06040000  LTP 00000001)
Jun 16 23:38:47 asdf-virtual-machine kernel: [    0.008013] ACPI: SRAT 0x00000000BFEDC72F 0008D0 (v02 VMWARE MEMPLUG  06040000 VMW  00000001)
Jun 16 23:38:47 asdf-virtual-machine kernel: [    0.008015] ACPI: HPET 0x00000000BFEDC6F7 000038 (v01 VMWARE VMW HPET 06040000 VMW  00000001)
Jun 16 23:38:47 asdf-virtual-machine kernel: [    0.008017] ACPI: WAET 0x00000000BFEDC6CF 000028 (v01 VMWARE VMW WAET 06040000 VMW  00000001)
Jun 16 23:38:47 asdf-virtual-machine kernel: [    0.008019] ACPI: Reserving FACP table memory at [mem 0xbfefee73-0xbfefef66]
Jun 16 23:38:47 asdf-virtual-machine kernel: [    0.008020] ACPI: Reserving DSDT table memory at [mem 0xbfedd9e8-0xbfefee72]
Jun 16 23:38:47 asdf-virtual-machine kernel: [    0.008020] ACPI: Reserving FACS table memory at [mem 0xbfefffc0-0xbfefffff]
Jun 16 23:38:47 asdf-virtual-machine kernel: [    0.008021] ACPI: Reserving FACS table memory at [mem 0xbfefffc0-0xbfefffff]
Jun 16 23:38:47 asdf-virtual-machine kernel: [    0.008021] ACPI: Reserving BOOT table memory at [mem 0xbfedd9c0-0xbfedd9e7]
Jun 16 23:38:47 asdf-virtual-machine kernel: [    0.008022] ACPI: Reserving APIC table memory at [mem 0xbfedd27e-0xbfedd9bf]
Jun 16 23:38:47 asdf-virtual-machine kernel: [    0.008022] ACPI: Reserving MCFG table memory at [mem 0xbfedd242-0xbfedd27d]
Jun 16 23:38:47 asdf-virtual-machine kernel: [    0.008023] ACPI: Reserving SRAT table memory at [mem 0xbfedc72f-0xbfedcffe]
Jun 16 23:38:47 asdf-virtual-machine kernel: [    0.008023] ACPI: Reserving HPET table memory at [mem 0xbfedc6f7-0xbfedc72e]
Jun 16 23:38:47 asdf-virtual-machine kernel: [    0.008024] ACPI: Reserving WAET table memory at [mem 0xbfedc6cf-0xbfedc6f6]
Jun 16 23:38:47 asdf-virtual-machine kernel: [    0.008055] system APIC only can use physical flat
Jun 16 23:38:47 asdf-virtual-machine kernel: [    0.008056] Setting APIC routing to physical flat.
Jun 16 23:38:47 asdf-virtual-machine kernel: [    0.008078] SRAT: PXM 0 -> APIC 0x00 -> Node 0
Jun 16 23:38:47 asdf-virtual-machine kernel: [    0.008079] SRAT: PXM 0 -> APIC 0x02 -> Node 0
Jun 16 23:38:47 asdf-virtual-machine kernel: [    0.008080] SRAT: PXM 0 -> APIC 0x04 -> Node 0
Jun 16 23:38:47 asdf-virtual-machine kernel: [    0.008080] SRAT: PXM 0 -> APIC 0x06 -> Node 0
Jun 16 23:38:47 asdf-virtual-machine kernel: [    0.008081] SRAT: PXM 0 -> APIC 0x08 -> Node 0
Jun 16 23:38:47 asdf-virtual-machine kernel: [    0.008081] SRAT: PXM 0 -> APIC 0x0a -> Node 0
Jun 16 23:38:47 asdf-virtual-machine kernel: [    0.008081] SRAT: PXM 0 -> APIC 0x0c -> Node 0
Jun 16 23:38:47 asdf-virtual-machine kernel: [    0.008082] SRAT: PXM 0 -> APIC 0x0e -> Node 0
Jun 16 23:38:47 asdf-virtual-machine kernel: [    0.008082] SRAT: PXM 0 -> APIC 0x10 -> Node 0
Jun 16 23:38:47 asdf-virtual-machine kernel: [    0.008082] SRAT: PXM 0 -> APIC 0x12 -> Node 0
Jun 16 23:38:47 asdf-virtual-machine kernel: [    0.008083] SRAT: PXM 0 -> APIC 0x14 -> Node 0
Jun 16 23:38:47 asdf-virtual-machine kernel: [    0.008083] SRAT: PXM 0 -> APIC 0x16 -> Node 0
Jun 16 23:38:47 asdf-virtual-machine kernel: [    0.008084] SRAT: PXM 0 -> APIC 0x18 -> Node 0
Jun 16 23:38:47 asdf-virtual-machine kernel: [    0.008084] SRAT: PXM 0 -> APIC 0x1a -> Node 0
Jun 16 23:38:47 asdf-virtual-machine kernel: [    0.008084] SRAT: PXM 0 -> APIC 0x1c -> Node 0
Jun 16 23:38:47 asdf-virtual-machine kernel: [    0.008085] SRAT: PXM 0 -> APIC 0x1e -> Node 0
Jun 16 23:38:47 asdf-virtual-machine kernel: [    0.008085] SRAT: PXM 0 -> APIC 0x20 -> Node 0
Jun 16 23:38:47 asdf-virtual-machine kernel: [    0.008085] SRAT: PXM 0 -> APIC 0x22 -> Node 0
Jun 16 23:38:47 asdf-virtual-machine kernel: [    0.008086] SRAT: PXM 0 -> APIC 0x24 -> Node 0
Jun 16 23:38:47 asdf-virtual-machine kernel: [    0.008086] SRAT: PXM 0 -> APIC 0x26 -> Node 0
Jun 16 23:38:47 asdf-virtual-machine kernel: [    0.008087] SRAT: PXM 0 -> APIC 0x28 -> Node 0
Jun 16 23:38:47 asdf-virtual-machine kernel: [    0.008087] SRAT: PXM 0 -> APIC 0x2a -> Node 0
Jun 16 23:38:47 asdf-virtual-machine kernel: [    0.008087] SRAT: PXM 0 -> APIC 0x2c -> Node 0
Jun 16 23:38:47 asdf-virtual-machine kernel: [    0.008088] SRAT: PXM 0 -> APIC 0x2e -> Node 0
Jun 16 23:38:47 asdf-virtual-machine kernel: [    0.008088] SRAT: PXM 0 -> APIC 0x30 -> Node 0
Jun 16 23:38:47 asdf-virtual-machine kernel: [    0.008088] SRAT: PXM 0 -> APIC 0x32 -> Node 0
Jun 16 23:38:47 asdf-virtual-machine kernel: [    0.008089] SRAT: PXM 0 -> APIC 0x34 -> Node 0
Jun 16 23:38:47 asdf-virtual-machine kernel: [    0.008089] SRAT: PXM 0 -> APIC 0x36 -> Node 0
Jun 16 23:38:47 asdf-virtual-machine kernel: [    0.008090] SRAT: PXM 0 -> APIC 0x38 -> Node 0
Jun 16 23:38:47 asdf-virtual-machine kernel: [    0.008090] SRAT: PXM 0 -> APIC 0x3a -> Node 0
Jun 16 23:38:47 asdf-virtual-machine kernel: [    0.008090] SRAT: PXM 0 -> APIC 0x3c -> Node 0
Jun 16 23:38:47 asdf-virtual-machine kernel: [    0.008091] SRAT: PXM 0 -> APIC 0x3e -> Node 0
Jun 16 23:38:47 asdf-virtual-machine kernel: [    0.008091] SRAT: PXM 0 -> APIC 0x40 -> Node 0
Jun 16 23:38:47 asdf-virtual-machine kernel: [    0.008091] SRAT: PXM 0 -> APIC 0x42 -> Node 0
Jun 16 23:38:47 asdf-virtual-machine kernel: [    0.008092] SRAT: PXM 0 -> APIC 0x44 -> Node 0
Jun 16 23:38:47 asdf-virtual-machine kernel: [    0.008092] SRAT: PXM 0 -> APIC 0x46 -> Node 0
Jun 16 23:38:47 asdf-virtual-machine kernel: [    0.008093] SRAT: PXM 0 -> APIC 0x48 -> Node 0
Jun 16 23:38:47 asdf-virtual-machine kernel: [    0.008093] SRAT: PXM 0 -> APIC 0x4a -> Node 0
Jun 16 23:38:47 asdf-virtual-machine kernel: [    0.008093] SRAT: PXM 0 -> APIC 0x4c -> Node 0
Jun 16 23:38:47 asdf-virtual-machine kernel: [    0.008094] SRAT: PXM 0 -> APIC 0x4e -> Node 0
Jun 16 23:38:47 asdf-virtual-machine kernel: [    0.008094] SRAT: PXM 0 -> APIC 0x50 -> Node 0
Jun 16 23:38:47 asdf-virtual-machine kernel: [    0.008094] SRAT: PXM 0 -> APIC 0x52 -> Node 0
Jun 16 23:38:47 asdf-virtual-machine kernel: [    0.008095] SRAT: PXM 0 -> APIC 0x54 -> Node 0
Jun 16 23:38:47 asdf-virtual-machine kernel: [    0.008095] SRAT: PXM 0 -> APIC 0x56 -> Node 0
Jun 16 23:38:47 asdf-virtual-machine kernel: [    0.008096] SRAT: PXM 0 -> APIC 0x58 -> Node 0
Jun 16 23:38:47 asdf-virtual-machine kernel: [    0.008096] SRAT: PXM 0 -> APIC 0x5a -> Node 0
Jun 16 23:38:47 asdf-virtual-machine kernel: [    0.008096] SRAT: PXM 0 -> APIC 0x5c -> Node 0
Jun 16 23:38:47 asdf-virtual-machine kernel: [    0.008097] SRAT: PXM 0 -> APIC 0x5e -> Node 0
Jun 16 23:38:47 asdf-virtual-machine kernel: [    0.008097] SRAT: PXM 0 -> APIC 0x60 -> Node 0
Jun 16 23:38:47 asdf-virtual-machine kernel: [    0.008097] SRAT: PXM 0 -> APIC 0x62 -> Node 0
Jun 16 23:38:47 asdf-virtual-machine kernel: [    0.008098] SRAT: PXM 0 -> APIC 0x64 -> Node 0
Jun 16 23:38:47 asdf-virtual-machine kernel: [    0.008098] SRAT: PXM 0 -> APIC 0x66 -> Node 0
Jun 16 23:38:47 asdf-virtual-machine kernel: [    0.008098] SRAT: PXM 0 -> APIC 0x68 -> Node 0
Jun 16 23:38:47 asdf-virtual-machine kernel: [    0.008099] SRAT: PXM 0 -> APIC 0x6a -> Node 0
Jun 16 23:38:47 asdf-virtual-machine kernel: [    0.008099] SRAT: PXM 0 -> APIC 0x6c -> Node 0
Jun 16 23:38:47 asdf-virtual-machine kernel: [    0.008100] SRAT: PXM 0 -> APIC 0x6e -> Node 0
Jun 16 23:38:47 asdf-virtual-machine kernel: [    0.008100] SRAT: PXM 0 -> APIC 0x70 -> Node 0
Jun 16 23:38:47 asdf-virtual-machine kernel: [    0.008100] SRAT: PXM 0 -> APIC 0x72 -> Node 0
Jun 16 23:38:47 asdf-virtual-machine kernel: [    0.008101] SRAT: PXM 0 -> APIC 0x74 -> Node 0
Jun 16 23:38:47 asdf-virtual-machine kernel: [    0.008101] SRAT: PXM 0 -> APIC 0x76 -> Node 0
Jun 16 23:38:47 asdf-virtual-machine kernel: [    0.008101] SRAT: PXM 0 -> APIC 0x78 -> Node 0
Jun 16 23:38:47 asdf-virtual-machine kernel: [    0.008102] SRAT: PXM 0 -> APIC 0x7a -> Node 0
Jun 16 23:38:47 asdf-virtual-machine kernel: [    0.008102] SRAT: PXM 0 -> APIC 0x7c -> Node 0
Jun 16 23:38:47 asdf-virtual-machine kernel: [    0.008103] SRAT: PXM 0 -> APIC 0x7e -> Node 0
Jun 16 23:38:47 asdf-virtual-machine kernel: [    0.008103] SRAT: PXM 0 -> APIC 0x80 -> Node 0
Jun 16 23:38:47 asdf-virtual-machine kernel: [    0.008103] SRAT: PXM 0 -> APIC 0x82 -> Node 0
Jun 16 23:38:47 asdf-virtual-machine kernel: [    0.008104] SRAT: PXM 0 -> APIC 0x84 -> Node 0
Jun 16 23:38:47 asdf-virtual-machine kernel: [    0.008104] SRAT: PXM 0 -> APIC 0x86 -> Node 0
Jun 16 23:38:47 asdf-virtual-machine kernel: [    0.008104] SRAT: PXM 0 -> APIC 0x88 -> Node 0
Jun 16 23:38:47 asdf-virtual-machine kernel: [    0.008105] SRAT: PXM 0 -> APIC 0x8a -> Node 0
Jun 16 23:38:47 asdf-virtual-machine kernel: [    0.008105] SRAT: PXM 0 -> APIC 0x8c -> Node 0
Jun 16 23:38:47 asdf-virtual-machine kernel: [    0.008106] SRAT: PXM 0 -> APIC 0x8e -> Node 0
Jun 16 23:38:47 asdf-virtual-machine kernel: [    0.008106] SRAT: PXM 0 -> APIC 0x90 -> Node 0
Jun 16 23:38:47 asdf-virtual-machine kernel: [    0.008106] SRAT: PXM 0 -> APIC 0x92 -> Node 0
Jun 16 23:38:47 asdf-virtual-machine kernel: [    0.008107] SRAT: PXM 0 -> APIC 0x94 -> Node 0
Jun 16 23:38:47 asdf-virtual-machine kernel: [    0.008107] SRAT: PXM 0 -> APIC 0x96 -> Node 0
Jun 16 23:38:47 asdf-virtual-machine kernel: [    0.008107] SRAT: PXM 0 -> APIC 0x98 -> Node 0
Jun 16 23:38:47 asdf-virtual-machine kernel: [    0.008108] SRAT: PXM 0 -> APIC 0x9a -> Node 0
Jun 16 23:38:47 asdf-virtual-machine kernel: [    0.008108] SRAT: PXM 0 -> APIC 0x9c -> Node 0
Jun 16 23:38:47 asdf-virtual-machine kernel: [    0.008109] SRAT: PXM 0 -> APIC 0x9e -> Node 0
Jun 16 23:38:47 asdf-virtual-machine kernel: [    0.008109] SRAT: PXM 0 -> APIC 0xa0 -> Node 0
Jun 16 23:38:47 asdf-virtual-machine kernel: [    0.008109] SRAT: PXM 0 -> APIC 0xa2 -> Node 0
Jun 16 23:38:47 asdf-virtual-machine kernel: [    0.008110] SRAT: PXM 0 -> APIC 0xa4 -> Node 0
Jun 16 23:38:47 asdf-virtual-machine kernel: [    0.008110] SRAT: PXM 0 -> APIC 0xa6 -> Node 0
Jun 16 23:38:47 asdf-virtual-machine kernel: [    0.008110] SRAT: PXM 0 -> APIC 0xa8 -> Node 0
Jun 16 23:38:47 asdf-virtual-machine kernel: [    0.008111] SRAT: PXM 0 -> APIC 0xaa -> Node 0
Jun 16 23:38:47 asdf-virtual-machine kernel: [    0.008111] SRAT: PXM 0 -> APIC 0xac -> Node 0
Jun 16 23:38:47 asdf-virtual-machine kernel: [    0.008111] SRAT: PXM 0 -> APIC 0xae -> Node 0
Jun 16 23:38:47 asdf-virtual-machine kernel: [    0.008112] SRAT: PXM 0 -> APIC 0xb0 -> Node 0
Jun 16 23:38:47 asdf-virtual-machine kernel: [    0.008112] SRAT: PXM 0 -> APIC 0xb2 -> Node 0
Jun 16 23:38:47 asdf-virtual-machine kernel: [    0.008113] SRAT: PXM 0 -> APIC 0xb4 -> Node 0
Jun 16 23:38:47 asdf-virtual-machine kernel: [    0.008113] SRAT: PXM 0 -> APIC 0xb6 -> Node 0
Jun 16 23:38:47 asdf-virtual-machine kernel: [    0.008113] SRAT: PXM 0 -> APIC 0xb8 -> Node 0
Jun 16 23:38:47 asdf-virtual-machine kernel: [    0.008114] SRAT: PXM 0 -> APIC 0xba -> Node 0
Jun 16 23:38:47 asdf-virtual-machine kernel: [    0.008114] SRAT: PXM 0 -> APIC 0xbc -> Node 0
Jun 16 23:38:47 asdf-virtual-machine kernel: [    0.008115] SRAT: PXM 0 -> APIC 0xbe -> Node 0
Jun 16 23:38:47 asdf-virtual-machine kernel: [    0.008115] SRAT: PXM 0 -> APIC 0xc0 -> Node 0
Jun 16 23:38:47 asdf-virtual-machine kernel: [    0.008115] SRAT: PXM 0 -> APIC 0xc2 -> Node 0
Jun 16 23:38:47 asdf-virtual-machine kernel: [    0.008116] SRAT: PXM 0 -> APIC 0xc4 -> Node 0
Jun 16 23:38:47 asdf-virtual-machine kernel: [    0.008116] SRAT: PXM 0 -> APIC 0xc6 -> Node 0
Jun 16 23:38:47 asdf-virtual-machine kernel: [    0.008116] SRAT: PXM 0 -> APIC 0xc8 -> Node 0
Jun 16 23:38:47 asdf-virtual-machine kernel: [    0.008117] SRAT: PXM 0 -> APIC 0xca -> Node 0
Jun 16 23:38:47 asdf-virtual-machine kernel: [    0.008117] SRAT: PXM 0 -> APIC 0xcc -> Node 0
Jun 16 23:38:47 asdf-virtual-machine kernel: [    0.008118] SRAT: PXM 0 -> APIC 0xce -> Node 0
Jun 16 23:38:47 asdf-virtual-machine kernel: [    0.008118] SRAT: PXM 0 -> APIC 0xd0 -> Node 0
Jun 16 23:38:47 asdf-virtual-machine kernel: [    0.008118] SRAT: PXM 0 -> APIC 0xd2 -> Node 0
Jun 16 23:38:47 asdf-virtual-machine kernel: [    0.008119] SRAT: PXM 0 -> APIC 0xd4 -> Node 0
Jun 16 23:38:47 asdf-virtual-machine kernel: [    0.008119] SRAT: PXM 0 -> APIC 0xd6 -> Node 0
Jun 16 23:38:47 asdf-virtual-machine kernel: [    0.008119] SRAT: PXM 0 -> APIC 0xd8 -> Node 0
Jun 16 23:38:47 asdf-virtual-machine kernel: [    0.008120] SRAT: PXM 0 -> APIC 0xda -> Node 0
Jun 16 23:38:47 asdf-virtual-machine kernel: [    0.008120] SRAT: PXM 0 -> APIC 0xdc -> Node 0
Jun 16 23:38:47 asdf-virtual-machine kernel: [    0.008120] SRAT: PXM 0 -> APIC 0xde -> Node 0
Jun 16 23:38:47 asdf-virtual-machine kernel: [    0.008121] SRAT: PXM 0 -> APIC 0xe0 -> Node 0
Jun 16 23:38:47 asdf-virtual-machine kernel: [    0.008121] SRAT: PXM 0 -> APIC 0xe2 -> Node 0
Jun 16 23:38:47 asdf-virtual-machine kernel: [    0.008122] SRAT: PXM 0 -> APIC 0xe4 -> Node 0
Jun 16 23:38:47 asdf-virtual-machine kernel: [    0.008122] SRAT: PXM 0 -> APIC 0xe6 -> Node 0
Jun 16 23:38:47 asdf-virtual-machine kernel: [    0.008122] SRAT: PXM 0 -> APIC 0xe8 -> Node 0
Jun 16 23:38:47 asdf-virtual-machine kernel: [    0.008123] SRAT: PXM 0 -> APIC 0xea -> Node 0
Jun 16 23:38:47 asdf-virtual-machine kernel: [    0.008123] SRAT: PXM 0 -> APIC 0xec -> Node 0
Jun 16 23:38:47 asdf-virtual-machine kernel: [    0.008123] SRAT: PXM 0 -> APIC 0xee -> Node 0
Jun 16 23:38:47 asdf-virtual-machine kernel: [    0.008124] SRAT: PXM 0 -> APIC 0xf0 -> Node 0
Jun 16 23:38:47 asdf-virtual-machine kernel: [    0.008124] SRAT: PXM 0 -> APIC 0xf2 -> Node 0
Jun 16 23:38:47 asdf-virtual-machine kernel: [    0.008125] SRAT: PXM 0 -> APIC 0xf4 -> Node 0
Jun 16 23:38:47 asdf-virtual-machine kernel: [    0.008125] SRAT: PXM 0 -> APIC 0xf6 -> Node 0
Jun 16 23:38:47 asdf-virtual-machine kernel: [    0.008125] SRAT: PXM 0 -> APIC 0xf8 -> Node 0
Jun 16 23:38:47 asdf-virtual-machine kernel: [    0.008126] SRAT: PXM 0 -> APIC 0xfa -> Node 0
Jun 16 23:38:47 asdf-virtual-machine kernel: [    0.008126] SRAT: PXM 0 -> APIC 0xfc -> Node 0
Jun 16 23:38:47 asdf-virtual-machine kernel: [    0.008126] SRAT: PXM 0 -> APIC 0xfe -> Node 0
Jun 16 23:38:47 asdf-virtual-machine kernel: [    0.008128] ACPI: SRAT: Node 0 PXM 0 [mem 0x00000000-0x0009ffff]
Jun 16 23:38:47 asdf-virtual-machine kernel: [    0.008129] ACPI: SRAT: Node 0 PXM 0 [mem 0x00100000-0xbfffffff]
Jun 16 23:38:47 asdf-virtual-machine kernel: [    0.008130] ACPI: SRAT: Node 0 PXM 0 [mem 0x100000000-0x13fffffff]
Jun 16 23:38:47 asdf-virtual-machine kernel: [    0.008131] ACPI: SRAT: Node 0 PXM 0 [mem 0x140000000-0x103fffffff] hotplug
Jun 16 23:38:47 asdf-virtual-machine kernel: [    0.008132] NUMA: Node 0 [mem 0x00000000-0x0009ffff] + [mem 0x00100000-0xbfffffff] -> [mem 0x00000000-0xbfffffff]
Jun 16 23:38:47 asdf-virtual-machine kernel: [    0.008133] NUMA: Node 0 [mem 0x00000000-0xbfffffff] + [mem 0x100000000-0x13fffffff] -> [mem 0x00000000-0x13fffffff]
Jun 16 23:38:47 asdf-virtual-machine kernel: [    0.008138] NODE_DATA(0) allocated [mem 0x13ffd4000-0x13fffdfff]
Jun 16 23:38:47 asdf-virtual-machine kernel: [    0.008676] Zone ranges:
Jun 16 23:38:47 asdf-virtual-machine kernel: [    0.008677]   DMA      [mem 0x0000000000001000-0x0000000000ffffff]
Jun 16 23:38:47 asdf-virtual-machine kernel: [    0.008679]   DMA32    [mem 0x0000000001000000-0x00000000ffffffff]
Jun 16 23:38:47 asdf-virtual-machine kernel: [    0.008680]   Normal   [mem 0x0000000100000000-0x000000013fffffff]
Jun 16 23:38:47 asdf-virtual-machine kernel: [    0.008681]   Device   empty
Jun 16 23:38:47 asdf-virtual-machine kernel: [    0.008681] Movable zone start for each node
Jun 16 23:38:47 asdf-virtual-machine kernel: [    0.008682] Early memory node ranges
Jun 16 23:38:47 asdf-virtual-machine kernel: [    0.008683]   node   0: [mem 0x0000000000001000-0x000000000009dfff]
Jun 16 23:38:47 asdf-virtual-machine kernel: [    0.008684]   node   0: [mem 0x0000000000100000-0x00000000bfecffff]
Jun 16 23:38:47 asdf-virtual-machine kernel: [    0.008684]   node   0: [mem 0x00000000bff00000-0x00000000bfffffff]
Jun 16 23:38:47 asdf-virtual-machine kernel: [    0.008685]   node   0: [mem 0x0000000100000000-0x000000013fffffff]
Jun 16 23:38:47 asdf-virtual-machine kernel: [    0.008685] Initmem setup node 0 [mem 0x0000000000001000-0x000000013fffffff]
Jun 16 23:38:47 asdf-virtual-machine kernel: [    0.008712] On node 0, zone DMA: 1 pages in unavailable ranges
Jun 16 23:38:47 asdf-virtual-machine kernel: [    0.009186] On node 0, zone DMA: 98 pages in unavailable ranges
Jun 16 23:38:47 asdf-virtual-machine kernel: [    0.106086] On node 0, zone DMA32: 48 pages in unavailable ranges
Jun 16 23:38:47 asdf-virtual-machine kernel: [    0.147545] ACPI: PM-Timer IO Port: 0x1008
Jun 16 23:38:47 asdf-virtual-machine kernel: [    0.147554] system APIC only can use physical flat
Jun 16 23:38:47 asdf-virtual-machine kernel: [    0.147562] ACPI: LAPIC_NMI (acpi_id[0x00] high edge lint[0x1])
Jun 16 23:38:47 asdf-virtual-machine kernel: [    0.147563] ACPI: LAPIC_NMI (acpi_id[0x01] high edge lint[0x1])
Jun 16 23:38:47 asdf-virtual-machine kernel: [    0.147563] ACPI: LAPIC_NMI (acpi_id[0x02] high edge lint[0x1])
Jun 16 23:38:47 asdf-virtual-machine kernel: [    0.147564] ACPI: LAPIC_NMI (acpi_id[0x03] high edge lint[0x1])
Jun 16 23:38:47 asdf-virtual-machine kernel: [    0.147564] ACPI: LAPIC_NMI (acpi_id[0x04] high edge lint[0x1])
Jun 16 23:38:47 asdf-virtual-machine kernel: [    0.147565] ACPI: LAPIC_NMI (acpi_id[0x05] high edge lint[0x1])
Jun 16 23:38:47 asdf-virtual-machine kernel: [    0.147565] ACPI: LAPIC_NMI (acpi_id[0x06] high edge lint[0x1])
Jun 16 23:38:47 asdf-virtual-machine kernel: [    0.147566] ACPI: LAPIC_NMI (acpi_id[0x07] high edge lint[0x1])
Jun 16 23:38:47 asdf-virtual-machine kernel: [    0.147566] ACPI: LAPIC_NMI (acpi_id[0x08] high edge lint[0x1])
Jun 16 23:38:47 asdf-virtual-machine kernel: [    0.147566] ACPI: LAPIC_NMI (acpi_id[0x09] high edge lint[0x1])
Jun 16 23:38:47 asdf-virtual-machine kernel: [    0.147567] ACPI: LAPIC_NMI (acpi_id[0x0a] high edge lint[0x1])
Jun 16 23:38:47 asdf-virtual-machine kernel: [    0.147567] ACPI: LAPIC_NMI (acpi_id[0x0b] high edge lint[0x1])
Jun 16 23:38:47 asdf-virtual-machine kernel: [    0.147568] ACPI: LAPIC_NMI (acpi_id[0x0c] high edge lint[0x1])
Jun 16 23:38:47 asdf-virtual-machine kernel: [    0.147568] ACPI: LAPIC_NMI (acpi_id[0x0d] high edge lint[0x1])
Jun 16 23:38:47 asdf-virtual-machine kernel: [    0.147568] ACPI: LAPIC_NMI (acpi_id[0x0e] high edge lint[0x1])
Jun 16 23:38:47 asdf-virtual-machine kernel: [    0.147569] ACPI: LAPIC_NMI (acpi_id[0x0f] high edge lint[0x1])
Jun 16 23:38:47 asdf-virtual-machine kernel: [    0.147569] ACPI: LAPIC_NMI (acpi_id[0x10] high edge lint[0x1])
Jun 16 23:38:47 asdf-virtual-machine kernel: [    0.147570] ACPI: LAPIC_NMI (acpi_id[0x11] high edge lint[0x1])
Jun 16 23:38:47 asdf-virtual-machine kernel: [    0.147570] ACPI: LAPIC_NMI (acpi_id[0x12] high edge lint[0x1])
Jun 16 23:38:47 asdf-virtual-machine kernel: [    0.147571] ACPI: LAPIC_NMI (acpi_id[0x13] high edge lint[0x1])
Jun 16 23:38:47 asdf-virtual-machine kernel: [    0.147571] ACPI: LAPIC_NMI (acpi_id[0x14] high edge lint[0x1])
Jun 16 23:38:47 asdf-virtual-machine kernel: [    0.147572] ACPI: LAPIC_NMI (acpi_id[0x15] high edge lint[0x1])
Jun 16 23:38:47 asdf-virtual-machine kernel: [    0.147572] ACPI: LAPIC_NMI (acpi_id[0x16] high edge lint[0x1])
Jun 16 23:38:47 asdf-virtual-machine kernel: [    0.147572] ACPI: LAPIC_NMI (acpi_id[0x17] high edge lint[0x1])
Jun 16 23:38:47 asdf-virtual-machine kernel: [    0.147573] ACPI: LAPIC_NMI (acpi_id[0x18] high edge lint[0x1])
Jun 16 23:38:47 asdf-virtual-machine kernel: [    0.147573] ACPI: LAPIC_NMI (acpi_id[0x19] high edge lint[0x1])
Jun 16 23:38:47 asdf-virtual-machine kernel: [    0.147574] ACPI: LAPIC_NMI (acpi_id[0x1a] high edge lint[0x1])
Jun 16 23:38:47 asdf-virtual-machine kernel: [    0.147574] ACPI: LAPIC_NMI (acpi_id[0x1b] high edge lint[0x1])
Jun 16 23:38:47 asdf-virtual-machine kernel: [    0.147575] ACPI: LAPIC_NMI (acpi_id[0x1c] high edge lint[0x1])
Jun 16 23:38:47 asdf-virtual-machine kernel: [    0.147575] ACPI: LAPIC_NMI (acpi_id[0x1d] high edge lint[0x1])
Jun 16 23:38:47 asdf-virtual-machine kernel: [    0.147575] ACPI: LAPIC_NMI (acpi_id[0x1e] high edge lint[0x1])
Jun 16 23:38:47 asdf-virtual-machine kernel: [    0.147576] ACPI: LAPIC_NMI (acpi_id[0x1f] high edge lint[0x1])
Jun 16 23:38:47 asdf-virtual-machine kernel: [    0.147576] ACPI: LAPIC_NMI (acpi_id[0x20] high edge lint[0x1])
Jun 16 23:38:47 asdf-virtual-machine kernel: [    0.147577] ACPI: LAPIC_NMI (acpi_id[0x21] high edge lint[0x1])
Jun 16 23:38:47 asdf-virtual-machine kernel: [    0.147577] ACPI: LAPIC_NMI (acpi_id[0x22] high edge lint[0x1])
Jun 16 23:38:47 asdf-virtual-machine kernel: [    0.147577] ACPI: LAPIC_NMI (acpi_id[0x23] high edge lint[0x1])
Jun 16 23:38:47 asdf-virtual-machine kernel: [    0.147578] ACPI: LAPIC_NMI (acpi_id[0x24] high edge lint[0x1])
Jun 16 23:38:47 asdf-virtual-machine kernel: [    0.147578] ACPI: LAPIC_NMI (acpi_id[0x25] high edge lint[0x1])
Jun 16 23:38:47 asdf-virtual-machine kernel: [    0.147579] ACPI: LAPIC_NMI (acpi_id[0x26] high edge lint[0x1])
Jun 16 23:38:47 asdf-virtual-machine kernel: [    0.147579] ACPI: LAPIC_NMI (acpi_id[0x27] high edge lint[0x1])
Jun 16 23:38:47 asdf-virtual-machine kernel: [    0.147580] ACPI: LAPIC_NMI (acpi_id[0x28] high edge lint[0x1])
Jun 16 23:38:47 asdf-virtual-machine kernel: [    0.147580] ACPI: LAPIC_NMI (acpi_id[0x29] high edge lint[0x1])
Jun 16 23:38:47 asdf-virtual-machine kernel: [    0.147580] ACPI: LAPIC_NMI (acpi_id[0x2a] high edge lint[0x1])
Jun 16 23:38:47 asdf-virtual-machine kernel: [    0.147581] ACPI: LAPIC_NMI (acpi_id[0x2b] high edge lint[0x1])
Jun 16 23:38:47 asdf-virtual-machine kernel: [    0.147581] ACPI: LAPIC_NMI (acpi_id[0x2c] high edge lint[0x1])
Jun 16 23:38:47 asdf-virtual-machine kernel: [    0.147582] ACPI: LAPIC_NMI (acpi_id[0x2d] high edge lint[0x1])
Jun 16 23:38:47 asdf-virtual-machine kernel: [    0.147582] ACPI: LAPIC_NMI (acpi_id[0x2e] high edge lint[0x1])
Jun 16 23:38:47 asdf-virtual-machine kernel: [    0.147583] ACPI: LAPIC_NMI (acpi_id[0x2f] high edge lint[0x1])
Jun 16 23:38:47 asdf-virtual-machine kernel: [    0.147583] ACPI: LAPIC_NMI (acpi_id[0x30] high edge lint[0x1])
Jun 16 23:38:47 asdf-virtual-machine kernel: [    0.147583] ACPI: LAPIC_NMI (acpi_id[0x31] high edge lint[0x1])
Jun 16 23:38:47 asdf-virtual-machine kernel: [    0.147584] ACPI: LAPIC_NMI (acpi_id[0x32] high edge lint[0x1])
Jun 16 23:38:47 asdf-virtual-machine kernel: [    0.147584] ACPI: LAPIC_NMI (acpi_id[0x33] high edge lint[0x1])
Jun 16 23:38:47 asdf-virtual-machine kernel: [    0.147585] ACPI: LAPIC_NMI (acpi_id[0x34] high edge lint[0x1])
Jun 16 23:38:47 asdf-virtual-machine kernel: [    0.147585] ACPI: LAPIC_NMI (acpi_id[0x35] high edge lint[0x1])
Jun 16 23:38:47 asdf-virtual-machine kernel: [    0.147585] ACPI: LAPIC_NMI (acpi_id[0x36] high edge lint[0x1])
Jun 16 23:38:47 asdf-virtual-machine kernel: [    0.147586] ACPI: LAPIC_NMI (acpi_id[0x37] high edge lint[0x1])
Jun 16 23:38:47 asdf-virtual-machine kernel: [    0.147586] ACPI: LAPIC_NMI (acpi_id[0x38] high edge lint[0x1])
Jun 16 23:38:47 asdf-virtual-machine kernel: [    0.147587] ACPI: LAPIC_NMI (acpi_id[0x39] high edge lint[0x1])
Jun 16 23:38:47 asdf-virtual-machine kernel: [    0.147587] ACPI: LAPIC_NMI (acpi_id[0x3a] high edge lint[0x1])
Jun 16 23:38:47 asdf-virtual-machine kernel: [    0.147588] ACPI: LAPIC_NMI (acpi_id[0x3b] high edge lint[0x1])
Jun 16 23:38:47 asdf-virtual-machine kernel: [    0.147588] ACPI: LAPIC_NMI (acpi_id[0x3c] high edge lint[0x1])
Jun 16 23:38:47 asdf-virtual-machine kernel: [    0.147588] ACPI: LAPIC_NMI (acpi_id[0x3d] high edge lint[0x1])
Jun 16 23:38:47 asdf-virtual-machine kernel: [    0.147589] ACPI: LAPIC_NMI (acpi_id[0x3e] high edge lint[0x1])
Jun 16 23:38:47 asdf-virtual-machine kernel: [    0.147589] ACPI: LAPIC_NMI (acpi_id[0x3f] high edge lint[0x1])
Jun 16 23:38:47 asdf-virtual-machine kernel: [    0.147590] ACPI: LAPIC_NMI (acpi_id[0x40] high edge lint[0x1])
Jun 16 23:38:47 asdf-virtual-machine kernel: [    0.147590] ACPI: LAPIC_NMI (acpi_id[0x41] high edge lint[0x1])
Jun 16 23:38:47 asdf-virtual-machine kernel: [    0.147591] ACPI: LAPIC_NMI (acpi_id[0x42] high edge lint[0x1])
Jun 16 23:38:47 asdf-virtual-machine kernel: [    0.147591] ACPI: LAPIC_NMI (acpi_id[0x43] high edge lint[0x1])
Jun 16 23:38:47 asdf-virtual-machine kernel: [    0.147591] ACPI: LAPIC_NMI (acpi_id[0x44] high edge lint[0x1])
Jun 16 23:38:47 asdf-virtual-machine kernel: [    0.147592] ACPI: LAPIC_NMI (acpi_id[0x45] high edge lint[0x1])
Jun 16 23:38:47 asdf-virtual-machine kernel: [    0.147592] ACPI: LAPIC_NMI (acpi_id[0x46] high edge lint[0x1])
Jun 16 23:38:47 asdf-virtual-machine kernel: [    0.147593] ACPI: LAPIC_NMI (acpi_id[0x47] high edge lint[0x1])
Jun 16 23:38:47 asdf-virtual-machine kernel: [    0.147593] ACPI: LAPIC_NMI (acpi_id[0x48] high edge lint[0x1])
Jun 16 23:38:47 asdf-virtual-machine kernel: [    0.147593] ACPI: LAPIC_NMI (acpi_id[0x49] high edge lint[0x1])
Jun 16 23:38:47 asdf-virtual-machine kernel: [    0.147594] ACPI: LAPIC_NMI (acpi_id[0x4a] high edge lint[0x1])
Jun 16 23:38:47 asdf-virtual-machine kernel: [    0.147594] ACPI: LAPIC_NMI (acpi_id[0x4b] high edge lint[0x1])
Jun 16 23:38:47 asdf-virtual-machine kernel: [    0.147595] ACPI: LAPIC_NMI (acpi_id[0x4c] high edge lint[0x1])
Jun 16 23:38:47 asdf-virtual-machine kernel: [    0.147595] ACPI: LAPIC_NMI (acpi_id[0x4d] high edge lint[0x1])
Jun 16 23:38:47 asdf-virtual-machine kernel: [    0.147596] ACPI: LAPIC_NMI (acpi_id[0x4e] high edge lint[0x1])
Jun 16 23:38:47 asdf-virtual-machine kernel: [    0.147596] ACPI: LAPIC_NMI (acpi_id[0x4f] high edge lint[0x1])
Jun 16 23:38:47 asdf-virtual-machine kernel: [    0.147596] ACPI: LAPIC_NMI (acpi_id[0x50] high edge lint[0x1])
Jun 16 23:38:47 asdf-virtual-machine kernel: [    0.147597] ACPI: LAPIC_NMI (acpi_id[0x51] high edge lint[0x1])
Jun 16 23:38:47 asdf-virtual-machine kernel: [    0.147597] ACPI: LAPIC_NMI (acpi_id[0x52] high edge lint[0x1])
Jun 16 23:38:47 asdf-virtual-machine kernel: [    0.147598] ACPI: LAPIC_NMI (acpi_id[0x53] high edge lint[0x1])
Jun 16 23:38:47 asdf-virtual-machine kernel: [    0.147598] ACPI: LAPIC_NMI (acpi_id[0x54] high edge lint[0x1])
Jun 16 23:38:47 asdf-virtual-machine kernel: [    0.147599] ACPI: LAPIC_NMI (acpi_id[0x55] high edge lint[0x1])
Jun 16 23:38:47 asdf-virtual-machine kernel: [    0.147599] ACPI: LAPIC_NMI (acpi_id[0x56] high edge lint[0x1])
Jun 16 23:38:47 asdf-virtual-machine kernel: [    0.147599] ACPI: LAPIC_NMI (acpi_id[0x57] high edge lint[0x1])
Jun 16 23:38:47 asdf-virtual-machine kernel: [    0.147600] ACPI: LAPIC_NMI (acpi_id[0x58] high edge lint[0x1])
Jun 16 23:38:47 asdf-virtual-machine kernel: [    0.147600] ACPI: LAPIC_NMI (acpi_id[0x59] high edge lint[0x1])
Jun 16 23:38:47 asdf-virtual-machine kernel: [    0.147601] ACPI: LAPIC_NMI (acpi_id[0x5a] high edge lint[0x1])
Jun 16 23:38:47 asdf-virtual-machine kernel: [    0.147601] ACPI: LAPIC_NMI (acpi_id[0x5b] high edge lint[0x1])
Jun 16 23:38:47 asdf-virtual-machine kernel: [    0.147601] ACPI: LAPIC_NMI (acpi_id[0x5c] high edge lint[0x1])
Jun 16 23:38:47 asdf-virtual-machine kernel: [    0.147602] ACPI: LAPIC_NMI (acpi_id[0x5d] high edge lint[0x1])
Jun 16 23:38:47 asdf-virtual-machine kernel: [    0.147602] ACPI: LAPIC_NMI (acpi_id[0x5e] high edge lint[0x1])
Jun 16 23:38:47 asdf-virtual-machine kernel: [    0.147603] ACPI: LAPIC_NMI (acpi_id[0x5f] high edge lint[0x1])
Jun 16 23:38:47 asdf-virtual-machine kernel: [    0.147603] ACPI: LAPIC_NMI (acpi_id[0x60] high edge lint[0x1])
Jun 16 23:38:47 asdf-virtual-machine kernel: [    0.147604] ACPI: LAPIC_NMI (acpi_id[0x61] high edge lint[0x1])
Jun 16 23:38:47 asdf-virtual-machine kernel: [    0.147604] ACPI: LAPIC_NMI (acpi_id[0x62] high edge lint[0x1])
Jun 16 23:38:47 asdf-virtual-machine kernel: [    0.147604] ACPI: LAPIC_NMI (acpi_id[0x63] high edge lint[0x1])
Jun 16 23:38:47 asdf-virtual-machine kernel: [    0.147605] ACPI: LAPIC_NMI (acpi_id[0x64] high edge lint[0x1])
Jun 16 23:38:47 asdf-virtual-machine kernel: [    0.147605] ACPI: LAPIC_NMI (acpi_id[0x65] high edge lint[0x1])
Jun 16 23:38:47 asdf-virtual-machine kernel: [    0.147606] ACPI: LAPIC_NMI (acpi_id[0x66] high edge lint[0x1])
Jun 16 23:38:47 asdf-virtual-machine kernel: [    0.147606] ACPI: LAPIC_NMI (acpi_id[0x67] high edge lint[0x1])
Jun 16 23:38:47 asdf-virtual-machine kernel: [    0.147607] ACPI: LAPIC_NMI (acpi_id[0x68] high edge lint[0x1])
Jun 16 23:38:47 asdf-virtual-machine kernel: [    0.147607] ACPI: LAPIC_NMI (acpi_id[0x69] high edge lint[0x1])
Jun 16 23:38:47 asdf-virtual-machine kernel: [    0.147607] ACPI: LAPIC_NMI (acpi_id[0x6a] high edge lint[0x1])
Jun 16 23:38:47 asdf-virtual-machine kernel: [    0.147608] ACPI: LAPIC_NMI (acpi_id[0x6b] high edge lint[0x1])
Jun 16 23:38:47 asdf-virtual-machine kernel: [    0.147608] ACPI: LAPIC_NMI (acpi_id[0x6c] high edge lint[0x1])
Jun 16 23:38:47 asdf-virtual-machine kernel: [    0.147609] ACPI: LAPIC_NMI (acpi_id[0x6d] high edge lint[0x1])
Jun 16 23:38:47 asdf-virtual-machine kernel: [    0.147609] ACPI: LAPIC_NMI (acpi_id[0x6e] high edge lint[0x1])
Jun 16 23:38:47 asdf-virtual-machine kernel: [    0.147609] ACPI: LAPIC_NMI (acpi_id[0x6f] high edge lint[0x1])
Jun 16 23:38:47 asdf-virtual-machine kernel: [    0.147610] ACPI: LAPIC_NMI (acpi_id[0x70] high edge lint[0x1])
Jun 16 23:38:47 asdf-virtual-machine kernel: [    0.147610] ACPI: LAPIC_NMI (acpi_id[0x71] high edge lint[0x1])
Jun 16 23:38:47 asdf-virtual-machine kernel: [    0.147611] ACPI: LAPIC_NMI (acpi_id[0x72] high edge lint[0x1])
Jun 16 23:38:47 asdf-virtual-machine kernel: [    0.147611] ACPI: LAPIC_NMI (acpi_id[0x73] high edge lint[0x1])
Jun 16 23:38:47 asdf-virtual-machine kernel: [    0.147612] ACPI: LAPIC_NMI (acpi_id[0x74] high edge lint[0x1])
Jun 16 23:38:47 asdf-virtual-machine kernel: [    0.147612] ACPI: LAPIC_NMI (acpi_id[0x75] high edge lint[0x1])
Jun 16 23:38:47 asdf-virtual-machine kernel: [    0.147612] ACPI: LAPIC_NMI (acpi_id[0x76] high edge lint[0x1])
Jun 16 23:38:47 asdf-virtual-machine kernel: [    0.147613] ACPI: LAPIC_NMI (acpi_id[0x77] high edge lint[0x1])
Jun 16 23:38:47 asdf-virtual-machine kernel: [    0.147613] ACPI: LAPIC_NMI (acpi_id[0x78] high edge lint[0x1])
Jun 16 23:38:47 asdf-virtual-machine kernel: [    0.147614] ACPI: LAPIC_NMI (acpi_id[0x79] high edge lint[0x1])
Jun 16 23:38:47 asdf-virtual-machine kernel: [    0.147614] ACPI: LAPIC_NMI (acpi_id[0x7a] high edge lint[0x1])
Jun 16 23:38:47 asdf-virtual-machine kernel: [    0.147614] ACPI: LAPIC_NMI (acpi_id[0x7b] high edge lint[0x1])
Jun 16 23:38:47 asdf-virtual-machine kernel: [    0.147615] ACPI: LAPIC_NMI (acpi_id[0x7c] high edge lint[0x1])
Jun 16 23:38:47 asdf-virtual-machine kernel: [    0.147615] ACPI: LAPIC_NMI (acpi_id[0x7d] high edge lint[0x1])
Jun 16 23:38:47 asdf-virtual-machine kernel: [    0.147616] ACPI: LAPIC_NMI (acpi_id[0x7e] high edge lint[0x1])
Jun 16 23:38:47 asdf-virtual-machine kernel: [    0.147616] ACPI: LAPIC_NMI (acpi_id[0x7f] high edge lint[0x1])
Jun 16 23:38:47 asdf-virtual-machine kernel: [    0.147754] IOAPIC[0]: apic_id 1, version 32, address 0xfec00000, GSI 0-23
Jun 16 23:38:47 asdf-virtual-machine kernel: [    0.147758] ACPI: INT_SRC_OVR (bus 0 bus_irq 0 global_irq 2 high edge)
Jun 16 23:38:47 asdf-virtual-machine kernel: [    0.147763] ACPI: Using ACPI (MADT) for SMP configuration information
Jun 16 23:38:47 asdf-virtual-machine kernel: [    0.147764] ACPI: HPET id: 0x8086af01 base: 0xfed00000
Jun 16 23:38:47 asdf-virtual-machine kernel: [    0.147768] smpboot: Allowing 128 CPUs, 126 hotplug CPUs
Jun 16 23:38:47 asdf-virtual-machine kernel: [    0.147778] PM: hibernation: Registered nosave memory: [mem 0x00000000-0x00000fff]
Jun 16 23:38:47 asdf-virtual-machine kernel: [    0.147780] PM: hibernation: Registered nosave memory: [mem 0x0009e000-0x0009efff]
Jun 16 23:38:47 asdf-virtual-machine kernel: [    0.147780] PM: hibernation: Registered nosave memory: [mem 0x0009f000-0x0009ffff]
Jun 16 23:38:47 asdf-virtual-machine kernel: [    0.147781] PM: hibernation: Registered nosave memory: [mem 0x000a0000-0x000dbfff]
Jun 16 23:38:47 asdf-virtual-machine kernel: [    0.147781] PM: hibernation: Registered nosave memory: [mem 0x000dc000-0x000fffff]
Jun 16 23:38:47 asdf-virtual-machine kernel: [    0.147782] PM: hibernation: Registered nosave memory: [mem 0xbfed0000-0xbfefefff]
Jun 16 23:38:47 asdf-virtual-machine kernel: [    0.147782] PM: hibernation: Registered nosave memory: [mem 0xbfeff000-0xbfefffff]
Jun 16 23:38:47 asdf-virtual-machine kernel: [    0.147800] PM: hibernation: Registered nosave memory: [mem 0xc0000000-0xefffffff]
Jun 16 23:38:47 asdf-virtual-machine kernel: [    0.147801] PM: hibernation: Registered nosave memory: [mem 0xf0000000-0xf7ffffff]
Jun 16 23:38:47 asdf-virtual-machine kernel: [    0.147801] PM: hibernation: Registered nosave memory: [mem 0xf8000000-0xfebfffff]
Jun 16 23:38:47 asdf-virtual-machine kernel: [    0.147802] PM: hibernation: Registered nosave memory: [mem 0xfec00000-0xfec0ffff]
Jun 16 23:38:47 asdf-virtual-machine kernel: [    0.147802] PM: hibernation: Registered nosave memory: [mem 0xfec10000-0xfedfffff]
Jun 16 23:38:47 asdf-virtual-machine kernel: [    0.147803] PM: hibernation: Registered nosave memory: [mem 0xfee00000-0xfee00fff]
Jun 16 23:38:47 asdf-virtual-machine kernel: [    0.147803] PM: hibernation: Registered nosave memory: [mem 0xfee01000-0xfffdffff]
Jun 16 23:38:47 asdf-virtual-machine kernel: [    0.147803] PM: hibernation: Registered nosave memory: [mem 0xfffe0000-0xffffffff]
Jun 16 23:38:47 asdf-virtual-machine kernel: [    0.147804] [mem 0xc0000000-0xefffffff] available for PCI devices
Jun 16 23:38:47 asdf-virtual-machine kernel: [    0.147805] Booting paravirtualized kernel on VMware hypervisor
Jun 16 23:38:47 asdf-virtual-machine kernel: [    0.147808] clocksource: refined-jiffies: mask: 0xffffffff max_cycles: 0xffffffff, max_idle_ns: 7645519600211568 ns
Jun 16 23:38:47 asdf-virtual-machine kernel: [    0.147813] setup_percpu: NR_CPUS:8192 nr_cpumask_bits:128 nr_cpu_ids:128 nr_node_ids:1
Jun 16 23:38:47 asdf-virtual-machine kernel: [    0.212400] percpu: Embedded 60 pages/cpu s208896 r8192 d28672 u262144
Jun 16 23:38:47 asdf-virtual-machine kernel: [    0.212413] pcpu-alloc: s208896 r8192 d28672 u262144 alloc=1*2097152
Jun 16 23:38:47 asdf-virtual-machine kernel: [    0.212415] pcpu-alloc: [0] 000 001 002 003 004 005 006 007 
Jun 16 23:38:47 asdf-virtual-machine kernel: [    0.212418] pcpu-alloc: [0] 008 009 010 011 012 013 014 015 
Jun 16 23:38:47 asdf-virtual-machine kernel: [    0.212420] pcpu-alloc: [0] 016 017 018 019 020 021 022 023 
Jun 16 23:38:47 asdf-virtual-machine kernel: [    0.212423] pcpu-alloc: [0] 024 025 026 027 028 029 030 031 
Jun 16 23:38:47 asdf-virtual-machine kernel: [    0.212425] pcpu-alloc: [0] 032 033 034 035 036 037 038 039 
Jun 16 23:38:47 asdf-virtual-machine kernel: [    0.212428] pcpu-alloc: [0] 040 041 042 043 044 045 046 047 
Jun 16 23:38:47 asdf-virtual-machine kernel: [    0.212430] pcpu-alloc: [0] 048 049 050 051 052 053 054 055 
Jun 16 23:38:47 asdf-virtual-machine kernel: [    0.212433] pcpu-alloc: [0] 056 057 058 059 060 061 062 063 
Jun 16 23:38:47 asdf-virtual-machine kernel: [    0.212435] pcpu-alloc: [0] 064 065 066 067 068 069 070 071 
Jun 16 23:38:47 asdf-virtual-machine kernel: [    0.212438] pcpu-alloc: [0] 072 073 074 075 076 077 078 079 
Jun 16 23:38:47 asdf-virtual-machine kernel: [    0.212440] pcpu-alloc: [0] 080 081 082 083 084 085 086 087 
Jun 16 23:38:47 asdf-virtual-machine kernel: [    0.212442] pcpu-alloc: [0] 088 089 090 091 092 093 094 095 
Jun 16 23:38:47 asdf-virtual-machine kernel: [    0.212445] pcpu-alloc: [0] 096 097 098 099 100 101 102 103 
Jun 16 23:38:47 asdf-virtual-machine kernel: [    0.212447] pcpu-alloc: [0] 104 105 106 107 108 109 110 111 
Jun 16 23:38:47 asdf-virtual-machine kernel: [    0.212450] pcpu-alloc: [0] 112 113 114 115 116 117 118 119 
Jun 16 23:38:47 asdf-virtual-machine kernel: [    0.212452] pcpu-alloc: [0] 120 121 122 123 124 125 126 127 
Jun 16 23:38:47 asdf-virtual-machine kernel: [    0.212503] Built 1 zonelists, mobility grouping on.  Total pages: 1031888
Jun 16 23:38:47 asdf-virtual-machine kernel: [    0.212505] Policy zone: Normal
Jun 16 23:38:47 asdf-virtual-machine kernel: [    0.212507] Kernel command line: BOOT_IMAGE=/boot/vmlinuz-5.15.0-39-generic root=UUID=e248e604-1878-4260-9e81-b8b4590bb413 ro find_preseed=/preseed.cfg auto noprompt priority=critical locale=en_US quiet splash
Jun 16 23:38:47 asdf-virtual-machine kernel: [    0.212574] Unknown kernel command line parameters "auto noprompt splash BOOT_IMAGE=/boot/vmlinuz-5.15.0-39-generic find_preseed=/preseed.cfg priority=critical locale=en_US", will be passed to user space.
Jun 16 23:38:47 asdf-virtual-machine kernel: [    0.212575] printk: log_buf_len individual max cpu contribution: 4096 bytes
Jun 16 23:38:47 asdf-virtual-machine kernel: [    0.212576] printk: log_buf_len total cpu_extra contributions: 520192 bytes
Jun 16 23:38:47 asdf-virtual-machine kernel: [    0.212576] printk: log_buf_len min size: 262144 bytes
Jun 16 23:38:47 asdf-virtual-machine kernel: [    0.221469] printk: log_buf_len: 1048576 bytes
Jun 16 23:38:47 asdf-virtual-machine kernel: [    0.221471] printk: early log buf free: 237288(90%)
Jun 16 23:38:47 asdf-virtual-machine kernel: [    0.229029] Dentry cache hash table entries: 524288 (order: 10, 4194304 bytes, linear)
Jun 16 23:38:47 asdf-virtual-machine kernel: [    0.232775] Inode-cache hash table entries: 262144 (order: 9, 2097152 bytes, linear)
Jun 16 23:38:47 asdf-virtual-machine kernel: [    0.234730] mem auto-init: stack:off, heap alloc:on, heap free:off
Jun 16 23:38:47 asdf-virtual-machine kernel: [    0.313678] Memory: 3915600K/4193716K available (16393K kernel code, 4382K rwdata, 10796K rodata, 2904K init, 4844K bss, 277856K reserved, 0K cma-reserved)
Jun 16 23:38:47 asdf-virtual-machine kernel: [    0.313685] random: get_random_u64 called from kmem_cache_open+0x2b/0x320 with crng_init=0
Jun 16 23:38:47 asdf-virtual-machine kernel: [    0.314112] SLUB: HWalign=64, Order=0-3, MinObjects=0, CPUs=128, Nodes=1
Jun 16 23:38:47 asdf-virtual-machine kernel: [    0.314158] Kernel/User page tables isolation: enabled
Jun 16 23:38:47 asdf-virtual-machine kernel: [    0.314372] ftrace: allocating 50444 entries in 198 pages
Jun 16 23:38:47 asdf-virtual-machine kernel: [    0.325741] ftrace: allocated 198 pages with 4 groups
Jun 16 23:38:47 asdf-virtual-machine kernel: [    0.326635] rcu: Hierarchical RCU implementation.
Jun 16 23:38:47 asdf-virtual-machine kernel: [    0.326636] rcu: 	RCU restricting CPUs from NR_CPUS=8192 to nr_cpu_ids=128.
Jun 16 23:38:47 asdf-virtual-machine kernel: [    0.326637] 	Rude variant of Tasks RCU enabled.
Jun 16 23:38:47 asdf-virtual-machine kernel: [    0.326638] 	Tracing variant of Tasks RCU enabled.
Jun 16 23:38:47 asdf-virtual-machine kernel: [    0.326638] rcu: RCU calculated value of scheduler-enlistment delay is 25 jiffies.
Jun 16 23:38:47 asdf-virtual-machine kernel: [    0.326639] rcu: Adjusting geometry for rcu_fanout_leaf=16, nr_cpu_ids=128
Jun 16 23:38:47 asdf-virtual-machine kernel: [    0.329663] NR_IRQS: 524544, nr_irqs: 1448, preallocated irqs: 16
Jun 16 23:38:47 asdf-virtual-machine kernel: [    0.330181] random: crng done (trusting CPU's manufacturer)
Jun 16 23:38:47 asdf-virtual-machine kernel: [    0.345446] Console: colour VGA+ 80x25
Jun 16 23:38:47 asdf-virtual-machine kernel: [    0.345460] printk: console [tty0] enabled
Jun 16 23:38:47 asdf-virtual-machine kernel: [    0.345521] ACPI: Core revision 20210730
Jun 16 23:38:47 asdf-virtual-machine kernel: [    0.346656] clocksource: hpet: mask: 0xffffffff max_cycles: 0xffffffff, max_idle_ns: 133484882848 ns
Jun 16 23:38:47 asdf-virtual-machine kernel: [    0.346962] APIC: Switch to symmetric I/O mode setup
Jun 16 23:38:47 asdf-virtual-machine kernel: [    0.347747] x2apic enabled
Jun 16 23:38:47 asdf-virtual-machine kernel: [    0.348198] Switched APIC routing to physical x2apic.
Jun 16 23:38:47 asdf-virtual-machine kernel: [    0.350919] ..TIMER: vector=0x30 apic1=0 pin1=2 apic2=-1 pin2=-1
Jun 16 23:38:47 asdf-virtual-machine kernel: [    0.350985] clocksource: tsc-early: mask: 0xffffffffffffffff max_cycles: 0x23fa754787d, max_idle_ns: 440795210092 ns
Jun 16 23:38:47 asdf-virtual-machine kernel: [    0.350991] Calibrating delay loop (skipped) preset value.. 4991.99 BogoMIPS (lpj=9983995)
Jun 16 23:38:47 asdf-virtual-machine kernel: [    0.350993] pid_max: default: 131072 minimum: 1024
Jun 16 23:38:47 asdf-virtual-machine kernel: [    0.351038] LSM: Security Framework initializing
Jun 16 23:38:47 asdf-virtual-machine kernel: [    0.351055] landlock: Up and running.
Jun 16 23:38:47 asdf-virtual-machine kernel: [    0.351055] Yama: becoming mindful.
Jun 16 23:38:47 asdf-virtual-machine kernel: [    0.355000] AppArmor: AppArmor initialized
Jun 16 23:38:47 asdf-virtual-machine kernel: [    0.355172] Mount-cache hash table entries: 8192 (order: 4, 65536 bytes, linear)
Jun 16 23:38:47 asdf-virtual-machine kernel: [    0.355300] Mountpoint-cache hash table entries: 8192 (order: 4, 65536 bytes, linear)
Jun 16 23:38:47 asdf-virtual-machine kernel: [    0.356388] x86/cpu: User Mode Instruction Prevention (UMIP) activated
Jun 16 23:38:47 asdf-virtual-machine kernel: [    0.356434] Last level iTLB entries: 4KB 0, 2MB 0, 4MB 0
Jun 16 23:38:47 asdf-virtual-machine kernel: [    0.356435] Last level dTLB entries: 4KB 0, 2MB 0, 4MB 0, 1GB 0
Jun 16 23:38:47 asdf-virtual-machine kernel: [    0.356438] Spectre V1 : Mitigation: usercopy/swapgs barriers and __user pointer sanitization
Jun 16 23:38:47 asdf-virtual-machine kernel: [    0.356440] Spectre V2 : Mitigation: Retpolines
Jun 16 23:38:47 asdf-virtual-machine kernel: [    0.356440] Spectre V2 : Spectre v2 / SpectreRSB mitigation: Filling RSB on context switch
Jun 16 23:38:47 asdf-virtual-machine kernel: [    0.356441] Spectre V2 : Enabling Restricted Speculation for firmware calls
Jun 16 23:38:47 asdf-virtual-machine kernel: [    0.356442] Spectre V2 : mitigation: Enabling conditional Indirect Branch Prediction Barrier
Jun 16 23:38:47 asdf-virtual-machine kernel: [    0.356443] Speculative Store Bypass: Mitigation: Speculative Store Bypass disabled via prctl and seccomp
Jun 16 23:38:47 asdf-virtual-machine kernel: [    0.356447] MDS: Vulnerable: Clear CPU buffers attempted, no microcode
Jun 16 23:38:47 asdf-virtual-machine kernel: [    0.356447] MMIO Stale Data: Vulnerable: Clear CPU buffers attempted, no microcode
Jun 16 23:38:47 asdf-virtual-machine kernel: [    0.359611] Freeing SMP alternatives memory: 40K
Jun 16 23:38:47 asdf-virtual-machine kernel: [    0.362988] smpboot: CPU0: 11th Gen Intel(R) Core(TM) i7-11700F @ 2.50GHz (family: 0x6, model: 0xa7, stepping: 0x1)
Jun 16 23:38:47 asdf-virtual-machine kernel: [    0.362988] Performance Events: Icelake events, core PMU driver.
Jun 16 23:38:47 asdf-virtual-machine kernel: [    0.362988] core: CPUID marked event: 'cpu cycles' unavailable
Jun 16 23:38:47 asdf-virtual-machine kernel: [    0.362988] core: CPUID marked event: 'instructions' unavailable
Jun 16 23:38:47 asdf-virtual-machine kernel: [    0.362988] core: CPUID marked event: 'bus cycles' unavailable
Jun 16 23:38:47 asdf-virtual-machine kernel: [    0.362988] core: CPUID marked event: 'cache references' unavailable
Jun 16 23:38:47 asdf-virtual-machine kernel: [    0.362988] core: CPUID marked event: 'cache misses' unavailable
Jun 16 23:38:47 asdf-virtual-machine kernel: [    0.362988] core: CPUID marked event: 'branch instructions' unavailable
Jun 16 23:38:47 asdf-virtual-machine kernel: [    0.362988] core: CPUID marked event: 'branch misses' unavailable
Jun 16 23:38:47 asdf-virtual-machine kernel: [    0.362988] ... version:                1
Jun 16 23:38:47 asdf-virtual-machine kernel: [    0.362988] ... bit width:              48
Jun 16 23:38:47 asdf-virtual-machine kernel: [    0.362988] ... generic registers:      8
Jun 16 23:38:47 asdf-virtual-machine kernel: [    0.362988] ... value mask:             0000ffffffffffff
Jun 16 23:38:47 asdf-virtual-machine kernel: [    0.362988] ... max period:             000000007fffffff
Jun 16 23:38:47 asdf-virtual-machine kernel: [    0.362988] ... fixed-purpose events:   0
Jun 16 23:38:47 asdf-virtual-machine kernel: [    0.362988] ... event mask:             0000000f000000ff
Jun 16 23:38:47 asdf-virtual-machine kernel: [    0.362988] rcu: Hierarchical SRCU implementation.
Jun 16 23:38:47 asdf-virtual-machine kernel: [    0.362988] NMI watchdog: Perf NMI watchdog permanently disabled
Jun 16 23:38:47 asdf-virtual-machine kernel: [    0.385504] smp: Bringing up secondary CPUs ...
Jun 16 23:38:47 asdf-virtual-machine kernel: [    0.387435] x86: Booting SMP configuration:
Jun 16 23:38:47 asdf-virtual-machine kernel: [    0.387448] .... node  #0, CPUs:          #1
Jun 16 23:38:47 asdf-virtual-machine kernel: [    0.024881] smpboot: CPU 1 Converting physical 2 to logical package 1
Jun 16 23:38:47 asdf-virtual-machine kernel: [    0.024881] smpboot: CPU 1 Converting physical 0 to logical die 1
Jun 16 23:38:47 asdf-virtual-machine kernel: [    0.389262] smp: Brought up 1 node, 2 CPUs
Jun 16 23:38:47 asdf-virtual-machine kernel: [    0.389262] smpboot: Max logical packages: 128
Jun 16 23:38:47 asdf-virtual-machine kernel: [    0.389262] smpboot: Total of 2 processors activated (9983.99 BogoMIPS)
Jun 16 23:38:47 asdf-virtual-machine kernel: [    0.391044] devtmpfs: initialized
Jun 16 23:38:47 asdf-virtual-machine kernel: [    0.391126] x86/mm: Memory block size: 128MB
Jun 16 23:38:47 asdf-virtual-machine kernel: [    0.392075] ACPI: PM: Registering ACPI NVS region [mem 0xbfeff000-0xbfefffff] (4096 bytes)
Jun 16 23:38:47 asdf-virtual-machine kernel: [    0.392075] clocksource: jiffies: mask: 0xffffffff max_cycles: 0xffffffff, max_idle_ns: 7645041785100000 ns
Jun 16 23:38:47 asdf-virtual-machine kernel: [    0.396694] futex hash table entries: 32768 (order: 9, 2097152 bytes, linear)
Jun 16 23:38:47 asdf-virtual-machine kernel: [    0.396936] pinctrl core: initialized pinctrl subsystem
Jun 16 23:38:47 asdf-virtual-machine kernel: [    0.397217] PM: RTC time: 18:08:34, date: 2022-06-16
Jun 16 23:38:47 asdf-virtual-machine kernel: [    0.397599] NET: Registered PF_NETLINK/PF_ROUTE protocol family
Jun 16 23:38:47 asdf-virtual-machine kernel: [    0.399193] DMA: preallocated 512 KiB GFP_KERNEL pool for atomic allocations
Jun 16 23:38:47 asdf-virtual-machine kernel: [    0.399253] DMA: preallocated 512 KiB GFP_KERNEL|GFP_DMA pool for atomic allocations
Jun 16 23:38:47 asdf-virtual-machine kernel: [    0.399297] DMA: preallocated 512 KiB GFP_KERNEL|GFP_DMA32 pool for atomic allocations
Jun 16 23:38:47 asdf-virtual-machine kernel: [    0.399309] audit: initializing netlink subsys (disabled)
Jun 16 23:38:47 asdf-virtual-machine kernel: [    0.399516] audit: type=2000 audit(1655402914.048:1): state=initialized audit_enabled=0 res=1
Jun 16 23:38:47 asdf-virtual-machine kernel: [    0.399516] thermal_sys: Registered thermal governor 'fair_share'
Jun 16 23:38:47 asdf-virtual-machine kernel: [    0.399516] thermal_sys: Registered thermal governor 'bang_bang'
Jun 16 23:38:47 asdf-virtual-machine kernel: [    0.399516] thermal_sys: Registered thermal governor 'step_wise'
Jun 16 23:38:47 asdf-virtual-machine kernel: [    0.399516] thermal_sys: Registered thermal governor 'user_space'
Jun 16 23:38:47 asdf-virtual-machine kernel: [    0.399516] thermal_sys: Registered thermal governor 'power_allocator'
Jun 16 23:38:47 asdf-virtual-machine kernel: [    0.399516] EISA bus registered
Jun 16 23:38:47 asdf-virtual-machine kernel: [    0.399547] cpuidle: using governor ladder
Jun 16 23:38:47 asdf-virtual-machine kernel: [    0.399547] cpuidle: using governor menu
Jun 16 23:38:47 asdf-virtual-machine kernel: [    0.399547] Simple Boot Flag at 0x36 set to 0x80
Jun 16 23:38:47 asdf-virtual-machine kernel: [    0.399547] ACPI: bus type PCI registered
Jun 16 23:38:47 asdf-virtual-machine kernel: [    0.399547] acpiphp: ACPI Hot Plug PCI Controller Driver version: 0.5
Jun 16 23:38:47 asdf-virtual-machine kernel: [    0.399623] PCI: MMCONFIG for domain 0000 [bus 00-7f] at [mem 0xf0000000-0xf7ffffff] (base 0xf0000000)
Jun 16 23:38:47 asdf-virtual-machine kernel: [    0.399632] PCI: MMCONFIG at [mem 0xf0000000-0xf7ffffff] reserved in E820
Jun 16 23:38:47 asdf-virtual-machine kernel: [    0.399649] PCI: Using configuration type 1 for base access
Jun 16 23:38:47 asdf-virtual-machine kernel: [    0.401281] Kprobes globally optimized
Jun 16 23:38:47 asdf-virtual-machine kernel: [    0.403254] HugeTLB registered 1.00 GiB page size, pre-allocated 0 pages
Jun 16 23:38:47 asdf-virtual-machine kernel: [    0.403261] HugeTLB registered 2.00 MiB page size, pre-allocated 0 pages
Jun 16 23:38:47 asdf-virtual-machine kernel: [    0.423385] ACPI: Added _OSI(Module Device)
Jun 16 23:38:47 asdf-virtual-machine kernel: [    0.423385] ACPI: Added _OSI(Processor Device)
Jun 16 23:38:47 asdf-virtual-machine kernel: [    0.423385] ACPI: Added _OSI(3.0 _SCP Extensions)
Jun 16 23:38:47 asdf-virtual-machine kernel: [    0.423385] ACPI: Added _OSI(Processor Aggregator Device)
Jun 16 23:38:47 asdf-virtual-machine kernel: [    0.423385] ACPI: Added _OSI(Linux-Dell-Video)
Jun 16 23:38:47 asdf-virtual-machine kernel: [    0.423385] ACPI: Added _OSI(Linux-Lenovo-NV-HDMI-Audio)
Jun 16 23:38:47 asdf-virtual-machine kernel: [    0.423385] ACPI: Added _OSI(Linux-HPI-Hybrid-Graphics)
Jun 16 23:38:47 asdf-virtual-machine kernel: [    0.446721] ACPI: 1 ACPI AML tables successfully acquired and loaded
Jun 16 23:38:47 asdf-virtual-machine kernel: [    0.448643] ACPI: [Firmware Bug]: BIOS _OSI(Linux) query ignored
Jun 16 23:38:47 asdf-virtual-machine kernel: [    0.465916] ACPI: Interpreter enabled
Jun 16 23:38:47 asdf-virtual-machine kernel: [    0.465941] ACPI: PM: (supports S0 S1 S4 S5)
Jun 16 23:38:47 asdf-virtual-machine kernel: [    0.465948] ACPI: Using IOAPIC for interrupt routing
Jun 16 23:38:47 asdf-virtual-machine kernel: [    0.465971] PCI: Using host bridge windows from ACPI; if necessary, use "pci=nocrs" and report a bug
Jun 16 23:38:47 asdf-virtual-machine kernel: [    0.467270] ACPI: Enabled 4 GPEs in block 00 to 0F
Jun 16 23:38:47 asdf-virtual-machine kernel: [    0.619011] ACPI: PCI Root Bridge [PCI0] (domain 0000 [bus 00-7f])
Jun 16 23:38:47 asdf-virtual-machine kernel: [    0.619044] acpi PNP0A03:00: _OSC: OS supports [ExtendedConfig ASPM ClockPM Segments MSI HPX-Type3]
Jun 16 23:38:47 asdf-virtual-machine kernel: [    0.619226] acpi PNP0A03:00: _OSC: platform does not support [AER LTR]
Jun 16 23:38:47 asdf-virtual-machine kernel: [    0.619370] acpi PNP0A03:00: _OSC: OS now controls [PCIeHotplug SHPCHotplug PME PCIeCapability]
Jun 16 23:38:47 asdf-virtual-machine kernel: [    0.621344] PCI host bridge to bus 0000:00
Jun 16 23:38:47 asdf-virtual-machine kernel: [    0.621352] pci_bus 0000:00: root bus resource [bus 00-7f]
Jun 16 23:38:47 asdf-virtual-machine kernel: [    0.621359] pci_bus 0000:00: root bus resource [io  0x0000-0x0cf7 window]
Jun 16 23:38:47 asdf-virtual-machine kernel: [    0.621365] pci_bus 0000:00: root bus resource [io  0x0d00-0xfeff window]
Jun 16 23:38:47 asdf-virtual-machine kernel: [    0.621372] pci_bus 0000:00: root bus resource [mem 0x000a0000-0x000bffff window]
Jun 16 23:38:47 asdf-virtual-machine kernel: [    0.621379] pci_bus 0000:00: root bus resource [mem 0x000d0000-0x000dbfff window]
Jun 16 23:38:47 asdf-virtual-machine kernel: [    0.621385] pci_bus 0000:00: root bus resource [mem 0xc0000000-0xfebfffff window]
Jun 16 23:38:47 asdf-virtual-machine kernel: [    0.621568] pci 0000:00:00.0: [8086:7190] type 00 class 0x060000
Jun 16 23:38:47 asdf-virtual-machine kernel: [    0.624227] pci 0000:00:01.0: [8086:7191] type 01 class 0x060400
Jun 16 23:38:47 asdf-virtual-machine kernel: [    0.634677] pci 0000:00:07.0: [8086:7110] type 00 class 0x060100
Jun 16 23:38:47 asdf-virtual-machine kernel: [    0.635739] pci 0000:00:07.1: [8086:7111] type 00 class 0x01018a
Jun 16 23:38:47 asdf-virtual-machine kernel: [    0.636637] pci 0000:00:07.1: reg 0x20: [io  0x1060-0x106f]
Jun 16 23:38:47 asdf-virtual-machine kernel: [    0.636979] pci 0000:00:07.1: legacy IDE quirk: reg 0x10: [io  0x01f0-0x01f7]
Jun 16 23:38:47 asdf-virtual-machine kernel: [    0.636986] pci 0000:00:07.1: legacy IDE quirk: reg 0x14: [io  0x03f6]
Jun 16 23:38:47 asdf-virtual-machine kernel: [    0.636992] pci 0000:00:07.1: legacy IDE quirk: reg 0x18: [io  0x0170-0x0177]
Jun 16 23:38:47 asdf-virtual-machine kernel: [    0.636998] pci 0000:00:07.1: legacy IDE quirk: reg 0x1c: [io  0x0376]
Jun 16 23:38:47 asdf-virtual-machine kernel: [    0.637429] pci 0000:00:07.3: [8086:7113] type 00 class 0x068000
Jun 16 23:38:47 asdf-virtual-machine kernel: [    0.639288] pci 0000:00:07.3: quirk: [io  0x1000-0x103f] claimed by PIIX4 ACPI
Jun 16 23:38:47 asdf-virtual-machine kernel: [    0.639306] pci 0000:00:07.3: quirk: [io  0x1040-0x104f] claimed by PIIX4 SMB
Jun 16 23:38:47 asdf-virtual-machine kernel: [    0.639745] pci 0000:00:07.7: [15ad:0740] type 00 class 0x088000
Jun 16 23:38:47 asdf-virtual-machine kernel: [    0.640267] pci 0000:00:07.7: reg 0x10: [io  0x1080-0x10bf]
Jun 16 23:38:47 asdf-virtual-machine kernel: [    0.640630] pci 0000:00:07.7: reg 0x14: [mem 0xfebfe000-0xfebfffff 64bit]
Jun 16 23:38:47 asdf-virtual-machine kernel: [    0.655567] pci 0000:00:0f.0: [15ad:0405] type 00 class 0x030000
Jun 16 23:38:47 asdf-virtual-machine kernel: [    0.657871] pci 0000:00:0f.0: reg 0x10: [io  0x1070-0x107f]
Jun 16 23:38:47 asdf-virtual-machine kernel: [    0.659860] pci 0000:00:0f.0: reg 0x14: [mem 0xe8000000-0xefffffff pref]
Jun 16 23:38:47 asdf-virtual-machine kernel: [    0.662093] pci 0000:00:0f.0: reg 0x18: [mem 0xfe000000-0xfe7fffff]
Jun 16 23:38:47 asdf-virtual-machine kernel: [    0.671925] pci 0000:00:0f.0: reg 0x30: [mem 0x00000000-0x00007fff pref]
Jun 16 23:38:47 asdf-virtual-machine kernel: [    0.672007] pci 0000:00:0f.0: Video device with shadowed ROM at [mem 0x000c0000-0x000dffff]
Jun 16 23:38:47 asdf-virtual-machine kernel: [    0.674381] pci 0000:00:10.0: [1000:0030] type 00 class 0x010000
Jun 16 23:38:47 asdf-virtual-machine kernel: [    0.674713] pci 0000:00:10.0: reg 0x10: [io  0x1400-0x14ff]
Jun 16 23:38:47 asdf-virtual-machine kernel: [    0.675007] pci 0000:00:10.0: reg 0x14: [mem 0xfeba0000-0xfebbffff 64bit]
Jun 16 23:38:47 asdf-virtual-machine kernel: [    0.675279] pci 0000:00:10.0: reg 0x1c: [mem 0xfebc0000-0xfebdffff 64bit]
Jun 16 23:38:47 asdf-virtual-machine kernel: [    0.675665] pci 0000:00:10.0: reg 0x30: [mem 0x00000000-0x00003fff pref]
Jun 16 23:38:47 asdf-virtual-machine kernel: [    0.678018] pci 0000:00:11.0: [15ad:0790] type 01 class 0x060401
Jun 16 23:38:47 asdf-virtual-machine kernel: [    0.685906] pci 0000:00:15.0: [15ad:07a0] type 01 class 0x060400
Jun 16 23:38:47 asdf-virtual-machine kernel: [    0.686873] pci 0000:00:15.0: PME# supported from D0 D3hot D3cold
Jun 16 23:38:47 asdf-virtual-machine kernel: [    0.687472] pci 0000:00:15.1: [15ad:07a0] type 01 class 0x060400
Jun 16 23:38:47 asdf-virtual-machine kernel: [    0.688440] pci 0000:00:15.1: PME# supported from D0 D3hot D3cold
Jun 16 23:38:47 asdf-virtual-machine kernel: [    0.689019] pci 0000:00:15.2: [15ad:07a0] type 01 class 0x060400
Jun 16 23:38:47 asdf-virtual-machine kernel: [    0.690013] pci 0000:00:15.2: PME# supported from D0 D3hot D3cold
Jun 16 23:38:47 asdf-virtual-machine kernel: [    0.690640] pci 0000:00:15.3: [15ad:07a0] type 01 class 0x060400
Jun 16 23:38:47 asdf-virtual-machine kernel: [    0.691645] pci 0000:00:15.3: PME# supported from D0 D3hot D3cold
Jun 16 23:38:47 asdf-virtual-machine kernel: [    0.692247] pci 0000:00:15.4: [15ad:07a0] type 01 class 0x060400
Jun 16 23:38:47 asdf-virtual-machine kernel: [    0.693231] pci 0000:00:15.4: PME# supported from D0 D3hot D3cold
Jun 16 23:38:47 asdf-virtual-machine kernel: [    0.693824] pci 0000:00:15.5: [15ad:07a0] type 01 class 0x060400
Jun 16 23:38:47 asdf-virtual-machine kernel: [    0.694809] pci 0000:00:15.5: PME# supported from D0 D3hot D3cold
Jun 16 23:38:47 asdf-virtual-machine kernel: [    0.695395] pci 0000:00:15.6: [15ad:07a0] type 01 class 0x060400
Jun 16 23:38:47 asdf-virtual-machine kernel: [    0.696415] pci 0000:00:15.6: PME# supported from D0 D3hot D3cold
Jun 16 23:38:47 asdf-virtual-machine kernel: [    0.696982] pci 0000:00:15.7: [15ad:07a0] type 01 class 0x060400
Jun 16 23:38:47 asdf-virtual-machine kernel: [    0.697985] pci 0000:00:15.7: PME# supported from D0 D3hot D3cold
Jun 16 23:38:47 asdf-virtual-machine kernel: [    0.700212] pci 0000:00:16.0: [15ad:07a0] type 01 class 0x060400
Jun 16 23:38:47 asdf-virtual-machine kernel: [    0.701199] pci 0000:00:16.0: PME# supported from D0 D3hot D3cold
Jun 16 23:38:47 asdf-virtual-machine kernel: [    0.701772] pci 0000:00:16.1: [15ad:07a0] type 01 class 0x060400
Jun 16 23:38:47 asdf-virtual-machine kernel: [    0.702743] pci 0000:00:16.1: PME# supported from D0 D3hot D3cold
Jun 16 23:38:47 asdf-virtual-machine kernel: [    0.703356] pci 0000:00:16.2: [15ad:07a0] type 01 class 0x060400
Jun 16 23:38:47 asdf-virtual-machine kernel: [    0.704332] pci 0000:00:16.2: PME# supported from D0 D3hot D3cold
Jun 16 23:38:47 asdf-virtual-machine kernel: [    0.704969] pci 0000:00:16.3: [15ad:07a0] type 01 class 0x060400
Jun 16 23:38:47 asdf-virtual-machine kernel: [    0.705927] pci 0000:00:16.3: PME# supported from D0 D3hot D3cold
Jun 16 23:38:47 asdf-virtual-machine kernel: [    0.706497] pci 0000:00:16.4: [15ad:07a0] type 01 class 0x060400
Jun 16 23:38:47 asdf-virtual-machine kernel: [    0.707485] pci 0000:00:16.4: PME# supported from D0 D3hot D3cold
Jun 16 23:38:47 asdf-virtual-machine kernel: [    0.708109] pci 0000:00:16.5: [15ad:07a0] type 01 class 0x060400
Jun 16 23:38:47 asdf-virtual-machine kernel: [    0.709059] pci 0000:00:16.5: PME# supported from D0 D3hot D3cold
Jun 16 23:38:47 asdf-virtual-machine kernel: [    0.709636] pci 0000:00:16.6: [15ad:07a0] type 01 class 0x060400
Jun 16 23:38:47 asdf-virtual-machine kernel: [    0.710627] pci 0000:00:16.6: PME# supported from D0 D3hot D3cold
Jun 16 23:38:47 asdf-virtual-machine kernel: [    0.711222] pci 0000:00:16.7: [15ad:07a0] type 01 class 0x060400
Jun 16 23:38:47 asdf-virtual-machine kernel: [    0.712193] pci 0000:00:16.7: PME# supported from D0 D3hot D3cold
Jun 16 23:38:47 asdf-virtual-machine kernel: [    0.714378] pci 0000:00:17.0: [15ad:07a0] type 01 class 0x060400
Jun 16 23:38:47 asdf-virtual-machine kernel: [    0.715386] pci 0000:00:17.0: PME# supported from D0 D3hot D3cold
Jun 16 23:38:47 asdf-virtual-machine kernel: [    0.715959] pci 0000:00:17.1: [15ad:07a0] type 01 class 0x060400
Jun 16 23:38:47 asdf-virtual-machine kernel: [    0.716944] pci 0000:00:17.1: PME# supported from D0 D3hot D3cold
Jun 16 23:38:47 asdf-virtual-machine kernel: [    0.717511] pci 0000:00:17.2: [15ad:07a0] type 01 class 0x060400
Jun 16 23:38:47 asdf-virtual-machine kernel: [    0.718466] pci 0000:00:17.2: PME# supported from D0 D3hot D3cold
Jun 16 23:38:47 asdf-virtual-machine kernel: [    0.719143] pci 0000:00:17.3: [15ad:07a0] type 01 class 0x060400
Jun 16 23:38:47 asdf-virtual-machine kernel: [    0.720111] pci 0000:00:17.3: PME# supported from D0 D3hot D3cold
Jun 16 23:38:47 asdf-virtual-machine kernel: [    0.720724] pci 0000:00:17.4: [15ad:07a0] type 01 class 0x060400
Jun 16 23:38:47 asdf-virtual-machine kernel: [    0.721737] pci 0000:00:17.4: PME# supported from D0 D3hot D3cold
Jun 16 23:38:47 asdf-virtual-machine kernel: [    0.722340] pci 0000:00:17.5: [15ad:07a0] type 01 class 0x060400
Jun 16 23:38:47 asdf-virtual-machine kernel: [    0.723345] pci 0000:00:17.5: PME# supported from D0 D3hot D3cold
Jun 16 23:38:47 asdf-virtual-machine kernel: [    0.723914] pci 0000:00:17.6: [15ad:07a0] type 01 class 0x060400
Jun 16 23:38:47 asdf-virtual-machine kernel: [    0.724926] pci 0000:00:17.6: PME# supported from D0 D3hot D3cold
Jun 16 23:38:47 asdf-virtual-machine kernel: [    0.725486] pci 0000:00:17.7: [15ad:07a0] type 01 class 0x060400
Jun 16 23:38:47 asdf-virtual-machine kernel: [    0.726503] pci 0000:00:17.7: PME# supported from D0 D3hot D3cold
Jun 16 23:38:47 asdf-virtual-machine kernel: [    0.728736] pci 0000:00:18.0: [15ad:07a0] type 01 class 0x060400
Jun 16 23:38:47 asdf-virtual-machine kernel: [    0.729698] pci 0000:00:18.0: PME# supported from D0 D3hot D3cold
Jun 16 23:38:47 asdf-virtual-machine kernel: [    0.730260] pci 0000:00:18.1: [15ad:07a0] type 01 class 0x060400
Jun 16 23:38:47 asdf-virtual-machine kernel: [    0.731241] pci 0000:00:18.1: PME# supported from D0 D3hot D3cold
Jun 16 23:38:47 asdf-virtual-machine kernel: [    0.731802] pci 0000:00:18.2: [15ad:07a0] type 01 class 0x060400
Jun 16 23:38:47 asdf-virtual-machine kernel: [    0.732782] pci 0000:00:18.2: PME# supported from D0 D3hot D3cold
Jun 16 23:38:47 asdf-virtual-machine kernel: [    0.733401] pci 0000:00:18.3: [15ad:07a0] type 01 class 0x060400
Jun 16 23:38:47 asdf-virtual-machine kernel: [    0.734360] pci 0000:00:18.3: PME# supported from D0 D3hot D3cold
Jun 16 23:38:47 asdf-virtual-machine kernel: [    0.734905] pci 0000:00:18.4: [15ad:07a0] type 01 class 0x060400
Jun 16 23:38:47 asdf-virtual-machine kernel: [    0.735922] pci 0000:00:18.4: PME# supported from D0 D3hot D3cold
Jun 16 23:38:47 asdf-virtual-machine kernel: [    0.736516] pci 0000:00:18.5: [15ad:07a0] type 01 class 0x060400
Jun 16 23:38:47 asdf-virtual-machine kernel: [    0.737455] pci 0000:00:18.5: PME# supported from D0 D3hot D3cold
Jun 16 23:38:47 asdf-virtual-machine kernel: [    0.738032] pci 0000:00:18.6: [15ad:07a0] type 01 class 0x060400
Jun 16 23:38:47 asdf-virtual-machine kernel: [    0.739099] pci 0000:00:18.6: PME# supported from D0 D3hot D3cold
Jun 16 23:38:47 asdf-virtual-machine kernel: [    0.739662] pci 0000:00:18.7: [15ad:07a0] type 01 class 0x060400
Jun 16 23:38:47 asdf-virtual-machine kernel: [    0.740650] pci 0000:00:18.7: PME# supported from D0 D3hot D3cold
Jun 16 23:38:47 asdf-virtual-machine kernel: [    0.754260] pci_bus 0000:01: extended config space not accessible
Jun 16 23:38:47 asdf-virtual-machine kernel: [    0.806940] pci 0000:00:01.0: PCI bridge to [bus 01]
Jun 16 23:38:47 asdf-virtual-machine kernel: [    0.807226] pci_bus 0000:02: extended config space not accessible
Jun 16 23:38:47 asdf-virtual-machine kernel: [    0.807476] acpiphp: Slot [32] registered
Jun 16 23:38:47 asdf-virtual-machine kernel: [    0.807502] acpiphp: Slot [33] registered
Jun 16 23:38:47 asdf-virtual-machine kernel: [    0.807541] acpiphp: Slot [34] registered
Jun 16 23:38:47 asdf-virtual-machine kernel: [    0.807564] acpiphp: Slot [35] registered
Jun 16 23:38:47 asdf-virtual-machine kernel: [    0.807595] acpiphp: Slot [36] registered
Jun 16 23:38:47 asdf-virtual-machine kernel: [    0.807618] acpiphp: Slot [37] registered
Jun 16 23:38:47 asdf-virtual-machine kernel: [    0.807641] acpiphp: Slot [38] registered
Jun 16 23:38:47 asdf-virtual-machine kernel: [    0.807664] acpiphp: Slot [39] registered
Jun 16 23:38:47 asdf-virtual-machine kernel: [    0.807687] acpiphp: Slot [40] registered
Jun 16 23:38:47 asdf-virtual-machine kernel: [    0.807724] acpiphp: Slot [41] registered
Jun 16 23:38:47 asdf-virtual-machine kernel: [    0.807747] acpiphp: Slot [42] registered
Jun 16 23:38:47 asdf-virtual-machine kernel: [    0.807770] acpiphp: Slot [43] registered
Jun 16 23:38:47 asdf-virtual-machine kernel: [    0.807793] acpiphp: Slot [44] registered
Jun 16 23:38:47 asdf-virtual-machine kernel: [    0.807816] acpiphp: Slot [45] registered
Jun 16 23:38:47 asdf-virtual-machine kernel: [    0.807848] acpiphp: Slot [46] registered
Jun 16 23:38:47 asdf-virtual-machine kernel: [    0.807893] acpiphp: Slot [47] registered
Jun 16 23:38:47 asdf-virtual-machine kernel: [    0.807921] acpiphp: Slot [48] registered
Jun 16 23:38:47 asdf-virtual-machine kernel: [    0.807951] acpiphp: Slot [49] registered
Jun 16 23:38:47 asdf-virtual-machine kernel: [    0.807974] acpiphp: Slot [50] registered
Jun 16 23:38:47 asdf-virtual-machine kernel: [    0.808006] acpiphp: Slot [51] registered
Jun 16 23:38:47 asdf-virtual-machine kernel: [    0.808030] acpiphp: Slot [52] registered
Jun 16 23:38:47 asdf-virtual-machine kernel: [    0.808060] acpiphp: Slot [53] registered
Jun 16 23:38:47 asdf-virtual-machine kernel: [    0.808098] acpiphp: Slot [54] registered
Jun 16 23:38:47 asdf-virtual-machine kernel: [    0.808122] acpiphp: Slot [55] registered
Jun 16 23:38:47 asdf-virtual-machine kernel: [    0.808144] acpiphp: Slot [56] registered
Jun 16 23:38:47 asdf-virtual-machine kernel: [    0.808167] acpiphp: Slot [57] registered
Jun 16 23:38:47 asdf-virtual-machine kernel: [    0.808190] acpiphp: Slot [58] registered
Jun 16 23:38:47 asdf-virtual-machine kernel: [    0.808212] acpiphp: Slot [59] registered
Jun 16 23:38:47 asdf-virtual-machine kernel: [    0.808250] acpiphp: Slot [60] registered
Jun 16 23:38:47 asdf-virtual-machine kernel: [    0.808273] acpiphp: Slot [61] registered
Jun 16 23:38:47 asdf-virtual-machine kernel: [    0.808296] acpiphp: Slot [62] registered
Jun 16 23:38:47 asdf-virtual-machine kernel: [    0.808319] acpiphp: Slot [63] registered
Jun 16 23:38:47 asdf-virtual-machine kernel: [    0.808452] pci 0000:02:00.0: [15ad:0774] type 00 class 0x0c0300
Jun 16 23:38:47 asdf-virtual-machine kernel: [    0.809493] pci 0000:02:00.0: reg 0x20: [io  0x2080-0x209f]
Jun 16 23:38:47 asdf-virtual-machine kernel: [    0.812420] pci 0000:02:01.0: [8086:100f] type 00 class 0x020000
Jun 16 23:38:47 asdf-virtual-machine kernel: [    0.812751] pci 0000:02:01.0: reg 0x10: [mem 0xfd5c0000-0xfd5dffff 64bit]
Jun 16 23:38:47 asdf-virtual-machine kernel: [    0.813046] pci 0000:02:01.0: reg 0x18: [mem 0xfdff0000-0xfdffffff 64bit]
Jun 16 23:38:47 asdf-virtual-machine kernel: [    0.813249] pci 0000:02:01.0: reg 0x20: [io  0x2000-0x203f]
Jun 16 23:38:47 asdf-virtual-machine kernel: [    0.813687] pci 0000:02:01.0: reg 0x30: [mem 0x00000000-0x0000ffff pref]
Jun 16 23:38:47 asdf-virtual-machine kernel: [    0.814066] pci 0000:02:01.0: PME# supported from D0 D3hot D3cold
Jun 16 23:38:47 asdf-virtual-machine kernel: [    0.816283] pci 0000:02:02.0: [1274:1371] type 00 class 0x040100
Jun 16 23:38:47 asdf-virtual-machine kernel: [    0.816620] pci 0000:02:02.0: reg 0x10: [io  0x2040-0x207f]
Jun 16 23:38:47 asdf-virtual-machine kernel: [    0.820157] pci 0000:02:03.0: [15ad:0770] type 00 class 0x0c0320
Jun 16 23:38:47 asdf-virtual-machine kernel: [    0.820408] pci 0000:02:03.0: reg 0x10: [mem 0xfd5ef000-0xfd5effff]
Jun 16 23:38:47 asdf-virtual-machine kernel: [    0.823978] pci 0000:02:04.0: [15ad:07e0] type 00 class 0x010601
Jun 16 23:38:47 asdf-virtual-machine kernel: [    0.825566] pci 0000:02:04.0: reg 0x24: [mem 0xfd5ee000-0xfd5eefff]
Jun 16 23:38:47 asdf-virtual-machine kernel: [    0.825814] pci 0000:02:04.0: reg 0x30: [mem 0x00000000-0x0000ffff pref]
Jun 16 23:38:47 asdf-virtual-machine kernel: [    0.826315] pci 0000:02:04.0: PME# supported from D3hot
Jun 16 23:38:47 asdf-virtual-machine kernel: [    0.873074] pci 0000:00:11.0: PCI bridge to [bus 02] (subtractive decode)
Jun 16 23:38:47 asdf-virtual-machine kernel: [    0.873101] pci 0000:00:11.0:   bridge window [io  0x2000-0x3fff]
Jun 16 23:38:47 asdf-virtual-machine kernel: [    0.873125] pci 0000:00:11.0:   bridge window [mem 0xfd500000-0xfdffffff]
Jun 16 23:38:47 asdf-virtual-machine kernel: [    0.873171] pci 0000:00:11.0:   bridge window [mem 0xe7b00000-0xe7ffffff 64bit pref]
Jun 16 23:38:47 asdf-virtual-machine kernel: [    0.873172] pci 0000:00:11.0:   bridge window [io  0x0000-0x0cf7 window] (subtractive decode)
Jun 16 23:38:47 asdf-virtual-machine kernel: [    0.873173] pci 0000:00:11.0:   bridge window [io  0x0d00-0xfeff window] (subtractive decode)
Jun 16 23:38:47 asdf-virtual-machine kernel: [    0.873174] pci 0000:00:11.0:   bridge window [mem 0x000a0000-0x000bffff window] (subtractive decode)
Jun 16 23:38:47 asdf-virtual-machine kernel: [    0.873175] pci 0000:00:11.0:   bridge window [mem 0x000d0000-0x000dbfff window] (subtractive decode)
Jun 16 23:38:47 asdf-virtual-machine kernel: [    0.873175] pci 0000:00:11.0:   bridge window [mem 0xc0000000-0xfebfffff window] (subtractive decode)
Jun 16 23:38:47 asdf-virtual-machine kernel: [    0.924046] pci 0000:00:15.0: PCI bridge to [bus 03]
Jun 16 23:38:47 asdf-virtual-machine kernel: [    0.924073] pci 0000:00:15.0:   bridge window [io  0x4000-0x4fff]
Jun 16 23:38:47 asdf-virtual-machine kernel: [    0.924095] pci 0000:00:15.0:   bridge window [mem 0xfd400000-0xfd4fffff]
Jun 16 23:38:47 asdf-virtual-machine kernel: [    0.924139] pci 0000:00:15.0:   bridge window [mem 0xe7a00000-0xe7afffff 64bit pref]
Jun 16 23:38:47 asdf-virtual-machine kernel: [    0.973979] pci 0000:00:15.1: PCI bridge to [bus 04]
Jun 16 23:38:47 asdf-virtual-machine kernel: [    0.974003] pci 0000:00:15.1:   bridge window [io  0x8000-0x8fff]
Jun 16 23:38:47 asdf-virtual-machine kernel: [    0.974026] pci 0000:00:15.1:   bridge window [mem 0xfd000000-0xfd0fffff]
Jun 16 23:38:47 asdf-virtual-machine kernel: [    0.974069] pci 0000:00:15.1:   bridge window [mem 0xe7600000-0xe76fffff 64bit pref]
Jun 16 23:38:47 asdf-virtual-machine kernel: [    1.024011] pci 0000:00:15.2: PCI bridge to [bus 05]
Jun 16 23:38:47 asdf-virtual-machine kernel: [    1.024035] pci 0000:00:15.2:   bridge window [io  0xc000-0xcfff]
Jun 16 23:38:47 asdf-virtual-machine kernel: [    1.024058] pci 0000:00:15.2:   bridge window [mem 0xfcc00000-0xfccfffff]
Jun 16 23:38:47 asdf-virtual-machine kernel: [    1.024102] pci 0000:00:15.2:   bridge window [mem 0xe7200000-0xe72fffff 64bit pref]
Jun 16 23:38:47 asdf-virtual-machine kernel: [    1.075891] pci 0000:00:15.3: PCI bridge to [bus 06]
Jun 16 23:38:47 asdf-virtual-machine kernel: [    1.075964] pci 0000:00:15.3:   bridge window [mem 0xfc800000-0xfc8fffff]
Jun 16 23:38:47 asdf-virtual-machine kernel: [    1.076018] pci 0000:00:15.3:   bridge window [mem 0xe6e00000-0xe6efffff 64bit pref]
Jun 16 23:38:47 asdf-virtual-machine kernel: [    1.127987] pci 0000:00:15.4: PCI bridge to [bus 07]
Jun 16 23:38:47 asdf-virtual-machine kernel: [    1.128036] pci 0000:00:15.4:   bridge window [mem 0xfc400000-0xfc4fffff]
Jun 16 23:38:47 asdf-virtual-machine kernel: [    1.128081] pci 0000:00:15.4:   bridge window [mem 0xe6a00000-0xe6afffff 64bit pref]
Jun 16 23:38:47 asdf-virtual-machine kernel: [    1.178291] pci 0000:00:15.5: PCI bridge to [bus 08]
Jun 16 23:38:47 asdf-virtual-machine kernel: [    1.178337] pci 0000:00:15.5:   bridge window [mem 0xfc000000-0xfc0fffff]
Jun 16 23:38:47 asdf-virtual-machine kernel: [    1.178381] pci 0000:00:15.5:   bridge window [mem 0xe6600000-0xe66fffff 64bit pref]
Jun 16 23:38:47 asdf-virtual-machine kernel: [    1.228057] pci 0000:00:15.6: PCI bridge to [bus 09]
Jun 16 23:38:47 asdf-virtual-machine kernel: [    1.228103] pci 0000:00:15.6:   bridge window [mem 0xfbc00000-0xfbcfffff]
Jun 16 23:38:47 asdf-virtual-machine kernel: [    1.228147] pci 0000:00:15.6:   bridge window [mem 0xe6200000-0xe62fffff 64bit pref]
Jun 16 23:38:47 asdf-virtual-machine kernel: [    1.277854] pci 0000:00:15.7: PCI bridge to [bus 0a]
Jun 16 23:38:47 asdf-virtual-machine kernel: [    1.277900] pci 0000:00:15.7:   bridge window [mem 0xfb800000-0xfb8fffff]
Jun 16 23:38:47 asdf-virtual-machine kernel: [    1.277944] pci 0000:00:15.7:   bridge window [mem 0xe5e00000-0xe5efffff 64bit pref]
Jun 16 23:38:47 asdf-virtual-machine kernel: [    1.327143] pci 0000:00:16.0: PCI bridge to [bus 0b]
Jun 16 23:38:47 asdf-virtual-machine kernel: [    1.327170] pci 0000:00:16.0:   bridge window [io  0x5000-0x5fff]
Jun 16 23:38:47 asdf-virtual-machine kernel: [    1.327192] pci 0000:00:16.0:   bridge window [mem 0xfd300000-0xfd3fffff]
Jun 16 23:38:47 asdf-virtual-machine kernel: [    1.327236] pci 0000:00:16.0:   bridge window [mem 0xe7900000-0xe79fffff 64bit pref]
Jun 16 23:38:47 asdf-virtual-machine kernel: [    1.375687] pci 0000:00:16.1: PCI bridge to [bus 0c]
Jun 16 23:38:47 asdf-virtual-machine kernel: [    1.375711] pci 0000:00:16.1:   bridge window [io  0x9000-0x9fff]
Jun 16 23:38:47 asdf-virtual-machine kernel: [    1.375734] pci 0000:00:16.1:   bridge window [mem 0xfcf00000-0xfcffffff]
Jun 16 23:38:47 asdf-virtual-machine kernel: [    1.375777] pci 0000:00:16.1:   bridge window [mem 0xe7500000-0xe75fffff 64bit pref]
Jun 16 23:38:47 asdf-virtual-machine kernel: [    1.424324] pci 0000:00:16.2: PCI bridge to [bus 0d]
Jun 16 23:38:47 asdf-virtual-machine kernel: [    1.424348] pci 0000:00:16.2:   bridge window [io  0xd000-0xdfff]
Jun 16 23:38:47 asdf-virtual-machine kernel: [    1.424370] pci 0000:00:16.2:   bridge window [mem 0xfcb00000-0xfcbfffff]
Jun 16 23:38:47 asdf-virtual-machine kernel: [    1.424418] pci 0000:00:16.2:   bridge window [mem 0xe7100000-0xe71fffff 64bit pref]
Jun 16 23:38:47 asdf-virtual-machine kernel: [    1.472902] pci 0000:00:16.3: PCI bridge to [bus 0e]
Jun 16 23:38:47 asdf-virtual-machine kernel: [    1.472947] pci 0000:00:16.3:   bridge window [mem 0xfc700000-0xfc7fffff]
Jun 16 23:38:47 asdf-virtual-machine kernel: [    1.472990] pci 0000:00:16.3:   bridge window [mem 0xe6d00000-0xe6dfffff 64bit pref]
Jun 16 23:38:47 asdf-virtual-machine kernel: [    1.522015] pci 0000:00:16.4: PCI bridge to [bus 0f]
Jun 16 23:38:47 asdf-virtual-machine kernel: [    1.522063] pci 0000:00:16.4:   bridge window [mem 0xfc300000-0xfc3fffff]
Jun 16 23:38:47 asdf-virtual-machine kernel: [    1.522107] pci 0000:00:16.4:   bridge window [mem 0xe6900000-0xe69fffff 64bit pref]
Jun 16 23:38:47 asdf-virtual-machine kernel: [    1.571417] pci 0000:00:16.5: PCI bridge to [bus 10]
Jun 16 23:38:47 asdf-virtual-machine kernel: [    1.571465] pci 0000:00:16.5:   bridge window [mem 0xfbf00000-0xfbffffff]
Jun 16 23:38:47 asdf-virtual-machine kernel: [    1.571508] pci 0000:00:16.5:   bridge window [mem 0xe6500000-0xe65fffff 64bit pref]
Jun 16 23:38:47 asdf-virtual-machine kernel: [    1.620069] pci 0000:00:16.6: PCI bridge to [bus 11]
Jun 16 23:38:47 asdf-virtual-machine kernel: [    1.620114] pci 0000:00:16.6:   bridge window [mem 0xfbb00000-0xfbbfffff]
Jun 16 23:38:47 asdf-virtual-machine kernel: [    1.620157] pci 0000:00:16.6:   bridge window [mem 0xe6100000-0xe61fffff 64bit pref]
Jun 16 23:38:47 asdf-virtual-machine kernel: [    1.668321] pci 0000:00:16.7: PCI bridge to [bus 12]
Jun 16 23:38:47 asdf-virtual-machine kernel: [    1.668366] pci 0000:00:16.7:   bridge window [mem 0xfb700000-0xfb7fffff]
Jun 16 23:38:47 asdf-virtual-machine kernel: [    1.668409] pci 0000:00:16.7:   bridge window [mem 0xe5d00000-0xe5dfffff 64bit pref]
Jun 16 23:38:47 asdf-virtual-machine kernel: [    1.717058] pci 0000:00:17.0: PCI bridge to [bus 13]
Jun 16 23:38:47 asdf-virtual-machine kernel: [    1.717082] pci 0000:00:17.0:   bridge window [io  0x6000-0x6fff]
Jun 16 23:38:47 asdf-virtual-machine kernel: [    1.717104] pci 0000:00:17.0:   bridge window [mem 0xfd200000-0xfd2fffff]
Jun 16 23:38:47 asdf-virtual-machine kernel: [    1.717147] pci 0000:00:17.0:   bridge window [mem 0xe7800000-0xe78fffff 64bit pref]
Jun 16 23:38:47 asdf-virtual-machine kernel: [    1.766192] pci 0000:00:17.1: PCI bridge to [bus 14]
Jun 16 23:38:47 asdf-virtual-machine kernel: [    1.766218] pci 0000:00:17.1:   bridge window [io  0xa000-0xafff]
Jun 16 23:38:47 asdf-virtual-machine kernel: [    1.766240] pci 0000:00:17.1:   bridge window [mem 0xfce00000-0xfcefffff]
Jun 16 23:38:47 asdf-virtual-machine kernel: [    1.766283] pci 0000:00:17.1:   bridge window [mem 0xe7400000-0xe74fffff 64bit pref]
Jun 16 23:38:47 asdf-virtual-machine kernel: [    1.815133] pci 0000:00:17.2: PCI bridge to [bus 15]
Jun 16 23:38:47 asdf-virtual-machine kernel: [    1.815157] pci 0000:00:17.2:   bridge window [io  0xe000-0xefff]
Jun 16 23:38:47 asdf-virtual-machine kernel: [    1.815179] pci 0000:00:17.2:   bridge window [mem 0xfca00000-0xfcafffff]
Jun 16 23:38:47 asdf-virtual-machine kernel: [    1.815222] pci 0000:00:17.2:   bridge window [mem 0xe7000000-0xe70fffff 64bit pref]
Jun 16 23:38:47 asdf-virtual-machine kernel: [    1.863969] pci 0000:00:17.3: PCI bridge to [bus 16]
Jun 16 23:38:47 asdf-virtual-machine kernel: [    1.864014] pci 0000:00:17.3:   bridge window [mem 0xfc600000-0xfc6fffff]
Jun 16 23:38:47 asdf-virtual-machine kernel: [    1.864057] pci 0000:00:17.3:   bridge window [mem 0xe6c00000-0xe6cfffff 64bit pref]
Jun 16 23:38:47 asdf-virtual-machine kernel: [    1.912698] pci 0000:00:17.4: PCI bridge to [bus 17]
Jun 16 23:38:47 asdf-virtual-machine kernel: [    1.912743] pci 0000:00:17.4:   bridge window [mem 0xfc200000-0xfc2fffff]
Jun 16 23:38:47 asdf-virtual-machine kernel: [    1.912786] pci 0000:00:17.4:   bridge window [mem 0xe6800000-0xe68fffff 64bit pref]
Jun 16 23:38:47 asdf-virtual-machine kernel: [    1.961284] pci 0000:00:17.5: PCI bridge to [bus 18]
Jun 16 23:38:47 asdf-virtual-machine kernel: [    1.961329] pci 0000:00:17.5:   bridge window [mem 0xfbe00000-0xfbefffff]
Jun 16 23:38:47 asdf-virtual-machine kernel: [    1.961372] pci 0000:00:17.5:   bridge window [mem 0xe6400000-0xe64fffff 64bit pref]
Jun 16 23:38:47 asdf-virtual-machine kernel: [    2.010491] pci 0000:00:17.6: PCI bridge to [bus 19]
Jun 16 23:38:47 asdf-virtual-machine kernel: [    2.010539] pci 0000:00:17.6:   bridge window [mem 0xfba00000-0xfbafffff]
Jun 16 23:38:47 asdf-virtual-machine kernel: [    2.010583] pci 0000:00:17.6:   bridge window [mem 0xe6000000-0xe60fffff 64bit pref]
Jun 16 23:38:47 asdf-virtual-machine kernel: [    2.059056] pci 0000:00:17.7: PCI bridge to [bus 1a]
Jun 16 23:38:47 asdf-virtual-machine kernel: [    2.059101] pci 0000:00:17.7:   bridge window [mem 0xfb600000-0xfb6fffff]
Jun 16 23:38:47 asdf-virtual-machine kernel: [    2.059144] pci 0000:00:17.7:   bridge window [mem 0xe5c00000-0xe5cfffff 64bit pref]
Jun 16 23:38:47 asdf-virtual-machine kernel: [    2.107853] pci 0000:00:18.0: PCI bridge to [bus 1b]
Jun 16 23:38:47 asdf-virtual-machine kernel: [    2.107877] pci 0000:00:18.0:   bridge window [io  0x7000-0x7fff]
Jun 16 23:38:47 asdf-virtual-machine kernel: [    2.107899] pci 0000:00:18.0:   bridge window [mem 0xfd100000-0xfd1fffff]
Jun 16 23:38:47 asdf-virtual-machine kernel: [    2.107942] pci 0000:00:18.0:   bridge window [mem 0xe7700000-0xe77fffff 64bit pref]
Jun 16 23:38:47 asdf-virtual-machine kernel: [    2.156657] pci 0000:00:18.1: PCI bridge to [bus 1c]
Jun 16 23:38:47 asdf-virtual-machine kernel: [    2.156690] pci 0000:00:18.1:   bridge window [io  0xb000-0xbfff]
Jun 16 23:38:47 asdf-virtual-machine kernel: [    2.156723] pci 0000:00:18.1:   bridge window [mem 0xfcd00000-0xfcdfffff]
Jun 16 23:38:47 asdf-virtual-machine kernel: [    2.156774] pci 0000:00:18.1:   bridge window [mem 0xe7300000-0xe73fffff 64bit pref]
Jun 16 23:38:47 asdf-virtual-machine kernel: [    2.205618] pci 0000:00:18.2: PCI bridge to [bus 1d]
Jun 16 23:38:47 asdf-virtual-machine kernel: [    2.205663] pci 0000:00:18.2:   bridge window [mem 0xfc900000-0xfc9fffff]
Jun 16 23:38:47 asdf-virtual-machine kernel: [    2.205707] pci 0000:00:18.2:   bridge window [mem 0xe6f00000-0xe6ffffff 64bit pref]
Jun 16 23:38:47 asdf-virtual-machine kernel: [    2.254601] pci 0000:00:18.3: PCI bridge to [bus 1e]
Jun 16 23:38:47 asdf-virtual-machine kernel: [    2.254649] pci 0000:00:18.3:   bridge window [mem 0xfc500000-0xfc5fffff]
Jun 16 23:38:47 asdf-virtual-machine kernel: [    2.254692] pci 0000:00:18.3:   bridge window [mem 0xe6b00000-0xe6bfffff 64bit pref]
Jun 16 23:38:47 asdf-virtual-machine kernel: [    2.303312] pci 0000:00:18.4: PCI bridge to [bus 1f]
Jun 16 23:38:47 asdf-virtual-machine kernel: [    2.303357] pci 0000:00:18.4:   bridge window [mem 0xfc100000-0xfc1fffff]
Jun 16 23:38:47 asdf-virtual-machine kernel: [    2.303400] pci 0000:00:18.4:   bridge window [mem 0xe6700000-0xe67fffff 64bit pref]
Jun 16 23:38:47 asdf-virtual-machine kernel: [    2.352345] pci 0000:00:18.5: PCI bridge to [bus 20]
Jun 16 23:38:47 asdf-virtual-machine kernel: [    2.352390] pci 0000:00:18.5:   bridge window [mem 0xfbd00000-0xfbdfffff]
Jun 16 23:38:47 asdf-virtual-machine kernel: [    2.352433] pci 0000:00:18.5:   bridge window [mem 0xe6300000-0xe63fffff 64bit pref]
Jun 16 23:38:47 asdf-virtual-machine kernel: [    2.401573] pci 0000:00:18.6: PCI bridge to [bus 21]
Jun 16 23:38:47 asdf-virtual-machine kernel: [    2.401618] pci 0000:00:18.6:   bridge window [mem 0xfb900000-0xfb9fffff]
Jun 16 23:38:47 asdf-virtual-machine kernel: [    2.401662] pci 0000:00:18.6:   bridge window [mem 0xe5f00000-0xe5ffffff 64bit pref]
Jun 16 23:38:47 asdf-virtual-machine kernel: [    2.450570] pci 0000:00:18.7: PCI bridge to [bus 22]
Jun 16 23:38:47 asdf-virtual-machine kernel: [    2.450615] pci 0000:00:18.7:   bridge window [mem 0xfb500000-0xfb5fffff]
Jun 16 23:38:47 asdf-virtual-machine kernel: [    2.450659] pci 0000:00:18.7:   bridge window [mem 0xe5b00000-0xe5bfffff 64bit pref]
Jun 16 23:38:47 asdf-virtual-machine kernel: [    2.453289] ACPI: PCI: Interrupt link LNKA configured for IRQ 9
Jun 16 23:38:47 asdf-virtual-machine kernel: [    2.453397] ACPI: PCI: Interrupt link LNKB configured for IRQ 11
Jun 16 23:38:47 asdf-virtual-machine kernel: [    2.453489] ACPI: PCI: Interrupt link LNKC configured for IRQ 10
Jun 16 23:38:47 asdf-virtual-machine kernel: [    2.453567] ACPI: PCI: Interrupt link LNKD configured for IRQ 7
Jun 16 23:38:47 asdf-virtual-machine kernel: [    2.483140] iommu: Default domain type: Translated 
Jun 16 23:38:47 asdf-virtual-machine kernel: [    2.483140] iommu: DMA domain TLB invalidation policy: lazy mode 
Jun 16 23:38:47 asdf-virtual-machine kernel: [    2.483507] SCSI subsystem initialized
Jun 16 23:38:47 asdf-virtual-machine kernel: [    2.483582] libata version 3.00 loaded.
Jun 16 23:38:47 asdf-virtual-machine kernel: [    2.483582] pci 0000:00:0f.0: vgaarb: setting as boot VGA device
Jun 16 23:38:47 asdf-virtual-machine kernel: [    2.483582] pci 0000:00:0f.0: vgaarb: VGA device added: decodes=io+mem,owns=io+mem,locks=none
Jun 16 23:38:47 asdf-virtual-machine kernel: [    2.483582] pci 0000:00:0f.0: vgaarb: bridge control possible
Jun 16 23:38:47 asdf-virtual-machine kernel: [    2.483582] vgaarb: loaded
Jun 16 23:38:47 asdf-virtual-machine kernel: [    2.483582] ACPI: bus type USB registered
Jun 16 23:38:47 asdf-virtual-machine kernel: [    2.483582] usbcore: registered new interface driver usbfs
Jun 16 23:38:47 asdf-virtual-machine kernel: [    2.483582] usbcore: registered new interface driver hub
Jun 16 23:38:47 asdf-virtual-machine kernel: [    2.483582] usbcore: registered new device driver usb
Jun 16 23:38:47 asdf-virtual-machine kernel: [    2.483582] pps_core: LinuxPPS API ver. 1 registered
Jun 16 23:38:47 asdf-virtual-machine kernel: [    2.483582] pps_core: Software ver. 5.3.6 - Copyright 2005-2007 Rodolfo Giometti <giometti@linux.it>
Jun 16 23:38:47 asdf-virtual-machine kernel: [    2.483582] PTP clock support registered
Jun 16 23:38:47 asdf-virtual-machine kernel: [    2.483582] EDAC MC: Ver: 3.0.0
Jun 16 23:38:47 asdf-virtual-machine kernel: [    2.489021] NetLabel: Initializing
Jun 16 23:38:47 asdf-virtual-machine kernel: [    2.489021] NetLabel:  domain hash size = 128
Jun 16 23:38:47 asdf-virtual-machine kernel: [    2.489021] NetLabel:  protocols = UNLABELED CIPSOv4 CALIPSO
Jun 16 23:38:47 asdf-virtual-machine kernel: [    2.489021] NetLabel:  unlabeled traffic allowed by default
Jun 16 23:38:47 asdf-virtual-machine kernel: [    2.489021] PCI: Using ACPI for IRQ routing
Jun 16 23:38:47 asdf-virtual-machine kernel: [    2.719747] PCI: pci_cache_line_size set to 64 bytes
Jun 16 23:38:47 asdf-virtual-machine kernel: [    2.720804] e820: reserve RAM buffer [mem 0x0009e800-0x0009ffff]
Jun 16 23:38:47 asdf-virtual-machine kernel: [    2.720806] e820: reserve RAM buffer [mem 0xbfed0000-0xbfffffff]
Jun 16 23:38:47 asdf-virtual-machine kernel: [    2.720825] hpet0: at MMIO 0xfed00000, IRQs 2, 8, 0, 0, 0, 0, 0, 0, 0, 0, 0, 0, 0, 0, 0, 0
Jun 16 23:38:47 asdf-virtual-machine kernel: [    2.720825] hpet0: 16 comparators, 64-bit 14.318180 MHz counter
Jun 16 23:38:47 asdf-virtual-machine kernel: [    2.724162] clocksource: Switched to clocksource tsc-early
Jun 16 23:38:47 asdf-virtual-machine kernel: [    2.767109] VFS: Disk quotas dquot_6.6.0
Jun 16 23:38:47 asdf-virtual-machine kernel: [    2.767157] VFS: Dquot-cache hash table entries: 512 (order 0, 4096 bytes)
Jun 16 23:38:47 asdf-virtual-machine kernel: [    2.767405] AppArmor: AppArmor Filesystem Enabled
Jun 16 23:38:47 asdf-virtual-machine kernel: [    2.767418] pnp: PnP ACPI init
Jun 16 23:38:47 asdf-virtual-machine kernel: [    2.767594] system 00:00: [io  0x1000-0x103f] has been reserved
Jun 16 23:38:47 asdf-virtual-machine kernel: [    2.767596] system 00:00: [io  0x1040-0x104f] has been reserved
Jun 16 23:38:47 asdf-virtual-machine kernel: [    2.767597] system 00:00: [io  0x0cf0-0x0cf1] has been reserved
Jun 16 23:38:47 asdf-virtual-machine kernel: [    2.767865] system 00:04: [mem 0xfed00000-0xfed003ff] has been reserved
Jun 16 23:38:47 asdf-virtual-machine kernel: [    2.769347] pnp 00:06: [dma 2]
Jun 16 23:38:47 asdf-virtual-machine kernel: [    2.769544] system 00:07: [io  0xfce0-0xfcff] has been reserved
Jun 16 23:38:47 asdf-virtual-machine kernel: [    2.769546] system 00:07: [mem 0xf0000000-0xf7ffffff] has been reserved
Jun 16 23:38:47 asdf-virtual-machine kernel: [    2.769547] system 00:07: [mem 0xfe800000-0xfe9fffff] has been reserved
Jun 16 23:38:47 asdf-virtual-machine kernel: [    2.790712] pnp: PnP ACPI: found 8 devices
Jun 16 23:38:47 asdf-virtual-machine kernel: [    2.808360] clocksource: acpi_pm: mask: 0xffffff max_cycles: 0xffffff, max_idle_ns: 2085701024 ns
Jun 16 23:38:47 asdf-virtual-machine kernel: [    2.808421] NET: Registered PF_INET protocol family
Jun 16 23:38:47 asdf-virtual-machine kernel: [    2.809439] IP idents hash table entries: 65536 (order: 7, 524288 bytes, linear)
Jun 16 23:38:47 asdf-virtual-machine kernel: [    2.814790] tcp_listen_portaddr_hash hash table entries: 2048 (order: 3, 32768 bytes, linear)
Jun 16 23:38:47 asdf-virtual-machine kernel: [    2.815364] TCP established hash table entries: 32768 (order: 6, 262144 bytes, linear)
Jun 16 23:38:47 asdf-virtual-machine kernel: [    2.816443] TCP bind hash table entries: 32768 (order: 7, 524288 bytes, linear)
Jun 16 23:38:47 asdf-virtual-machine kernel: [    2.816461] TCP: Hash tables configured (established 32768 bind 32768)
Jun 16 23:38:47 asdf-virtual-machine kernel: [    2.817538] MPTCP token hash table entries: 4096 (order: 4, 98304 bytes, linear)
Jun 16 23:38:47 asdf-virtual-machine kernel: [    2.817678] UDP hash table entries: 2048 (order: 4, 65536 bytes, linear)
Jun 16 23:38:47 asdf-virtual-machine kernel: [    2.817911] UDP-Lite hash table entries: 2048 (order: 4, 65536 bytes, linear)
Jun 16 23:38:47 asdf-virtual-machine kernel: [    2.818466] NET: Registered PF_UNIX/PF_LOCAL protocol family
Jun 16 23:38:47 asdf-virtual-machine kernel: [    2.818470] NET: Registered PF_XDP protocol family
Jun 16 23:38:47 asdf-virtual-machine kernel: [    2.818479] pci 0000:00:15.3: bridge window [io  0x1000-0x0fff] to [bus 06] add_size 1000
Jun 16 23:38:47 asdf-virtual-machine kernel: [    2.818481] pci 0000:00:15.4: bridge window [io  0x1000-0x0fff] to [bus 07] add_size 1000
Jun 16 23:38:47 asdf-virtual-machine kernel: [    2.818483] pci 0000:00:15.5: bridge window [io  0x1000-0x0fff] to [bus 08] add_size 1000
Jun 16 23:38:47 asdf-virtual-machine kernel: [    2.818483] pci 0000:00:15.6: bridge window [io  0x1000-0x0fff] to [bus 09] add_size 1000
Jun 16 23:38:47 asdf-virtual-machine kernel: [    2.818484] pci 0000:00:15.7: bridge window [io  0x1000-0x0fff] to [bus 0a] add_size 1000
Jun 16 23:38:47 asdf-virtual-machine kernel: [    2.818485] pci 0000:00:16.3: bridge window [io  0x1000-0x0fff] to [bus 0e] add_size 1000
Jun 16 23:38:47 asdf-virtual-machine kernel: [    2.818486] pci 0000:00:16.4: bridge window [io  0x1000-0x0fff] to [bus 0f] add_size 1000
Jun 16 23:38:47 asdf-virtual-machine kernel: [    2.818487] pci 0000:00:16.5: bridge window [io  0x1000-0x0fff] to [bus 10] add_size 1000
Jun 16 23:38:47 asdf-virtual-machine kernel: [    2.818488] pci 0000:00:16.6: bridge window [io  0x1000-0x0fff] to [bus 11] add_size 1000
Jun 16 23:38:47 asdf-virtual-machine kernel: [    2.818489] pci 0000:00:16.7: bridge window [io  0x1000-0x0fff] to [bus 12] add_size 1000
Jun 16 23:38:47 asdf-virtual-machine kernel: [    2.818490] pci 0000:00:17.3: bridge window [io  0x1000-0x0fff] to [bus 16] add_size 1000
Jun 16 23:38:47 asdf-virtual-machine kernel: [    2.818490] pci 0000:00:17.4: bridge window [io  0x1000-0x0fff] to [bus 17] add_size 1000
Jun 16 23:38:47 asdf-virtual-machine kernel: [    2.818491] pci 0000:00:17.5: bridge window [io  0x1000-0x0fff] to [bus 18] add_size 1000
Jun 16 23:38:47 asdf-virtual-machine kernel: [    2.818492] pci 0000:00:17.6: bridge window [io  0x1000-0x0fff] to [bus 19] add_size 1000
Jun 16 23:38:47 asdf-virtual-machine kernel: [    2.818493] pci 0000:00:17.7: bridge window [io  0x1000-0x0fff] to [bus 1a] add_size 1000
Jun 16 23:38:47 asdf-virtual-machine kernel: [    2.818494] pci 0000:00:18.2: bridge window [io  0x1000-0x0fff] to [bus 1d] add_size 1000
Jun 16 23:38:47 asdf-virtual-machine kernel: [    2.818494] pci 0000:00:18.3: bridge window [io  0x1000-0x0fff] to [bus 1e] add_size 1000
Jun 16 23:38:47 asdf-virtual-machine kernel: [    2.818495] pci 0000:00:18.4: bridge window [io  0x1000-0x0fff] to [bus 1f] add_size 1000
Jun 16 23:38:47 asdf-virtual-machine kernel: [    2.818496] pci 0000:00:18.5: bridge window [io  0x1000-0x0fff] to [bus 20] add_size 1000
Jun 16 23:38:47 asdf-virtual-machine kernel: [    2.818496] pci 0000:00:18.6: bridge window [io  0x1000-0x0fff] to [bus 21] add_size 1000
Jun 16 23:38:47 asdf-virtual-machine kernel: [    2.818497] pci 0000:00:18.7: bridge window [io  0x1000-0x0fff] to [bus 22] add_size 1000
Jun 16 23:38:47 asdf-virtual-machine kernel: [    2.818505] pci 0000:00:10.0: BAR 6: assigned [mem 0xc0000000-0xc0003fff pref]
Jun 16 23:38:47 asdf-virtual-machine kernel: [    2.818507] pci 0000:00:15.3: BAR 13: no space for [io  size 0x1000]
Jun 16 23:38:47 asdf-virtual-machine kernel: [    2.818508] pci 0000:00:15.3: BAR 13: failed to assign [io  size 0x1000]
Jun 16 23:38:47 asdf-virtual-machine kernel: [    2.818509] pci 0000:00:15.4: BAR 13: no space for [io  size 0x1000]
Jun 16 23:38:47 asdf-virtual-machine kernel: [    2.818510] pci 0000:00:15.4: BAR 13: failed to assign [io  size 0x1000]
Jun 16 23:38:47 asdf-virtual-machine kernel: [    2.818511] pci 0000:00:15.5: BAR 13: no space for [io  size 0x1000]
Jun 16 23:38:47 asdf-virtual-machine kernel: [    2.818512] pci 0000:00:15.5: BAR 13: failed to assign [io  size 0x1000]
Jun 16 23:38:47 asdf-virtual-machine kernel: [    2.818513] pci 0000:00:15.6: BAR 13: no space for [io  size 0x1000]
Jun 16 23:38:47 asdf-virtual-machine kernel: [    2.818513] pci 0000:00:15.6: BAR 13: failed to assign [io  size 0x1000]
Jun 16 23:38:47 asdf-virtual-machine kernel: [    2.818514] pci 0000:00:15.7: BAR 13: no space for [io  size 0x1000]
Jun 16 23:38:47 asdf-virtual-machine kernel: [    2.818515] pci 0000:00:15.7: BAR 13: failed to assign [io  size 0x1000]
Jun 16 23:38:47 asdf-virtual-machine kernel: [    2.818516] pci 0000:00:16.3: BAR 13: no space for [io  size 0x1000]
Jun 16 23:38:47 asdf-virtual-machine kernel: [    2.818516] pci 0000:00:16.3: BAR 13: failed to assign [io  size 0x1000]
Jun 16 23:38:47 asdf-virtual-machine kernel: [    2.818517] pci 0000:00:16.4: BAR 13: no space for [io  size 0x1000]
Jun 16 23:38:47 asdf-virtual-machine kernel: [    2.818518] pci 0000:00:16.4: BAR 13: failed to assign [io  size 0x1000]
Jun 16 23:38:47 asdf-virtual-machine kernel: [    2.818519] pci 0000:00:16.5: BAR 13: no space for [io  size 0x1000]
Jun 16 23:38:47 asdf-virtual-machine kernel: [    2.818519] pci 0000:00:16.5: BAR 13: failed to assign [io  size 0x1000]
Jun 16 23:38:47 asdf-virtual-machine kernel: [    2.818521] pci 0000:00:16.6: BAR 13: no space for [io  size 0x1000]
Jun 16 23:38:47 asdf-virtual-machine kernel: [    2.818521] pci 0000:00:16.6: BAR 13: failed to assign [io  size 0x1000]
